------------------------------------------------------------------------------------------------------------------
      name:  <unnamed>
       log:  /Users/nisailing/Desktop/ECO372/ECO372_A3/ECO372_Assignment3_NI_Sailing.log
  log type:  text
 opened on:  24 Mar 2021, 04:26:48

. set more off    // This tells Stata to automatically continue if displays exceed screen capacity, instead of mak
> ing user click

. clear                   // Removes any data from memory every time this script is run.

. display "ECO372_Assignment3 " _n "`surname' `firstname' `studentnumber'" _n c(current_date) c(current_time)
ECO372_Assignment3 
NI Sailing 1004936019
24 Mar 202104:26:48

.                                                                                                                 
>                                 
. 
. 
. /*      ====================================
>         ============ EXERCISE  1  ============
>         ==================================== */
. 
. use "datasets/Angrist_etal_Columbia2002_1.dta", clear           // Loads the file
(TAB5V1)

. datasignature                                                                                           // check
> s data integrity                        
  283:28(115953):33309827:3899837359

. 
. // your code for the Exercise questions a-e goes here
. ssc install estout
checking estout consistency and verifying not already installed...
all files already exist and are up to date.

. // Question (a) 
. count 
  283

. 
. // Question (b) 
. summarize math reading writing

    Variable |        Obs        Mean    Std. Dev.       Min        Max
-------------+---------------------------------------------------------
        math |        282    .0028718    1.002821  -2.024617   3.239387
     reading |        283    .0006201    1.003512  -3.972432   2.097389
     writing |        283    .0049475    1.001712  -3.295184    2.20036

. 
. // Question (c) 
. 
. //firstly, regress separately and create estimates
. reg totalpts vouch0 i.t_site, robust

Linear regression                               Number of obs     =        282
                                                F(3, 278)         =       4.08
                                                Prob > F          =     0.0074
                                                R-squared         =     0.0415
                                                Root MSE          =       .987

------------------------------------------------------------------------------
             |               Robust
    totalpts |      Coef.   Std. Err.      t    P>|t|     [95% Conf. Interval]
-------------+----------------------------------------------------------------
      vouch0 |   .2167926   .1208689     1.79   0.074    -.0211419    .4547272
             |
      t_site |
          2  |   -.555319    .173769    -3.20   0.002    -.8973892   -.2132488
          3  |  -.3569731   .1650089    -2.16   0.031    -.6817987   -.0321476
             |
       _cons |   .2352034   .1476332     1.59   0.112    -.0554176    .5258244
------------------------------------------------------------------------------

. estimates store regression1

. 
. reg math vouch0 i.t_site, robust

Linear regression                               Number of obs     =        282
                                                F(3, 278)         =       4.84
                                                Prob > F          =     0.0027
                                                R-squared         =     0.0480
                                                Root MSE          =     .98374

------------------------------------------------------------------------------
             |               Robust
        math |      Coef.   Std. Err.      t    P>|t|     [95% Conf. Interval]
-------------+----------------------------------------------------------------
      vouch0 |   .1776212   .1184469     1.50   0.135    -.0555454    .4107879
             |
      t_site |
          2  |  -.6321908   .1757982    -3.60   0.000    -.9782555   -.2861262
          3  |  -.3956517   .1682034    -2.35   0.019    -.7267657   -.0645376
             |
       _cons |   .2998769   .1530854     1.96   0.051    -.0014769    .6012306
------------------------------------------------------------------------------

. estimates store regression2

. 
. reg reading vouch0 i.t_site, robust

Linear regression                               Number of obs     =        283
                                                F(3, 279)         =       2.82
                                                Prob > F          =     0.0394
                                                R-squared         =     0.0265
                                                Root MSE          =     .99542

------------------------------------------------------------------------------
             |               Robust
     reading |      Coef.   Std. Err.      t    P>|t|     [95% Conf. Interval]
-------------+----------------------------------------------------------------
      vouch0 |   .2035837   .1227233     1.66   0.098    -.0379975    .4451648
             |
      t_site |
          2  |  -.4035848   .1623344    -2.49   0.013    -.7231405   -.0840291
          3  |  -.3255434   .1480893    -2.20   0.029    -.6170576   -.0340293
             |
       _cons |   .1771546   .1305668     1.36   0.176    -.0798667    .4341758
------------------------------------------------------------------------------

. estimates store regression3

. 
. reg writing vouch0 i.t_site, robust

Linear regression                               Number of obs     =        283
                                                F(3, 279)         =       0.82
                                                Prob > F          =     0.4835
                                                R-squared         =     0.0092
                                                Root MSE          =     1.0025

------------------------------------------------------------------------------
             |               Robust
     writing |      Coef.   Std. Err.      t    P>|t|     [95% Conf. Interval]
-------------+----------------------------------------------------------------
      vouch0 |   .1258825   .1222843     1.03   0.304    -.1148345    .3665994
             |
      t_site |
          2  |  -.2034199   .1819608    -1.12   0.265    -.5616102    .1547705
          3  |  -.0608489   .1665305    -0.37   0.715    -.3886647    .2669669
             |
       _cons |   .0261343   .1525117     0.17   0.864    -.2740855    .3263541
------------------------------------------------------------------------------

. estimates store regression4

. 
. //secondly, using esttable to construct a table
. esttab regression1 regression2 regression3 regression4 using "result_C", ///
> rtf replace se ///
> mtitles("totalpts" "math" "reading" "writing") ///
> stats(N r2 F, labels("Observations" "R-squared" "F-stat")) ///
> drop(_cons *.t_site)
(output written to result_C.rtf)

. 
. 
. // Question (d) 
. //firstly, regress totalpts on vouch0 with all control variables
. reg totalpts vouch0 i.t_site age sex dad_sch mom_sch strata svy hsvisit, robust

Linear regression                               Number of obs     =        189
                                                F(10, 178)        =       3.69
                                                Prob > F          =     0.0002
                                                R-squared         =     0.1793
                                                Root MSE          =     .91241

------------------------------------------------------------------------------
             |               Robust
    totalpts |      Coef.   Std. Err.      t    P>|t|     [95% Conf. Interval]
-------------+----------------------------------------------------------------
      vouch0 |   .1007768   .1421145     0.71   0.479    -.1796693     .381223
             |
      t_site |
          2  |  -.7119973   .2420668    -2.94   0.004    -1.189687   -.2343073
          3  |  -.5114409   .2419333    -2.11   0.036    -.9888674   -.0340143
             |
         age |  -.2145499   .0537146    -3.99   0.000    -.3205493   -.1085505
         sex |   .0812321   .1354219     0.60   0.549    -.1860068     .348471
     dad_sch |    .020914   .0270925     0.77   0.441    -.0325499    .0743778
     mom_sch |   .0379183   .0282083     1.34   0.181    -.0177476    .0935841
      strata |  -.0047916    .126997    -0.04   0.970     -.255405    .2458218
         svy |   .0012225   .1557238     0.01   0.994    -.3060798    .3085248
     hsvisit |  -.3169003   .2664674    -1.19   0.236     -.842742    .2089414
       _cons |   3.362796   .8980749     3.74   0.000     1.590553     5.13504
------------------------------------------------------------------------------

. estimates store model

. 
. 
. //secondly, using esttable to construct a table
. esttab model using "result_D", ///
> rtf replace se ///
> mtitles("totalpts with covariates") ///
> stats(N r2 F, labels("Observations" "R-squared" "F-stat")) ///
> drop(_cons *.t_site age sex dad_sch mom_sch strata svy hsvisit)
(output written to result_D.rtf)

. 
. // Question (e) 
. 
. 
. use "datasets/Angrist_etal_Columbia2002_2.dta", clear           // Loads the file

. datasignature                                                                                           // check
> s data integrity                        
  1135:11(82263):3947394313:3795635134

. 
. // your code for the Exercise questions f-l goes here
. 
. // Question (f)
. count
  1,135

. 
. 
. // Question (g)
. 
. // first, both strata and month are categorical variable 
. tabulate strata

  Strata of |
  residence |      Freq.     Percent        Cum.
------------+-----------------------------------
          0 |        176       15.51       15.51
          1 |        165       14.54       30.04
          2 |        638       56.21       86.26
          3 |        148       13.04       99.30
          4 |          6        0.53       99.82
          5 |          2        0.18      100.00
------------+-----------------------------------
      Total |      1,135      100.00

. tabulate month

   Month of |
     survey |      Freq.     Percent        Cum.
------------+-----------------------------------
          1 |         25        2.20        2.20
          2 |         42        3.70        5.90
          3 |        469       41.32       47.22
          4 |        253       22.29       69.52
          5 |         73        6.43       75.95
          6 |         75        6.61       82.56
          7 |         77        6.78       89.34
          8 |         98        8.63       97.97
          9 |         11        0.97       98.94
         10 |          1        0.09       99.03
         11 |          5        0.44       99.47
         12 |          6        0.53      100.00
------------+-----------------------------------
      Total |      1,135      100.00

. // regress highest grade on vouch0
. reg scyfnsh vouch0 svy hsvisit age sex i.strata i.month, robust

Linear regression                               Number of obs     =      1,135
                                                F(20, 1113)       =          .
                                                Prob > F          =          .
                                                R-squared         =     0.1077
                                                Root MSE          =     .85997

------------------------------------------------------------------------------
             |               Robust
     scyfnsh |      Coef.   Std. Err.      t    P>|t|     [95% Conf. Interval]
-------------+----------------------------------------------------------------
      vouch0 |   .1264498   .0515738     2.45   0.014     .0252569    .2276428
         svy |   .8760175   .1709904     5.12   0.000     .5405178    1.211517
     hsvisit |  -.0188271   .1255999    -0.15   0.881    -.2652664    .2276121
         age |  -.1127283    .022357    -5.04   0.000    -.1565948   -.0688617
         sex |  -.1724894   .0515166    -3.35   0.001    -.2735699   -.0714089
             |
      strata |
          1  |  -.0494305   .1007397    -0.49   0.624    -.2470917    .1482307
          2  |   .0868942   .0774995     1.12   0.262    -.0651675    .2389558
          3  |   .1731343   .0944671     1.83   0.067    -.0122194    .3584881
          4  |   .5160276   .0958968     5.38   0.000     .3278688    .7041865
          5  |   .5548946   .1111855     4.99   0.000     .3367379    .7730513
             |
       month |
          2  |   .1487478   .2656212     0.56   0.576    -.3724269    .6699225
          3  |   .1347069    .253324     0.53   0.595    -.3623395    .6317533
          4  |   .0732884   .2597453     0.28   0.778    -.4363572     .582934
          5  |   .1084487   .2613721     0.41   0.678    -.4043889    .6212863
          6  |  -.2013462    .286029    -0.70   0.482     -.762563    .3598705
          7  |  -.9134621   .2747376    -3.32   0.001    -1.452524   -.3744001
          8  |  -.7382134   .2659504    -2.78   0.006    -1.260034   -.2163927
          9  |   -.674359   .2975711    -2.27   0.024    -1.258223   -.0904954
         10  |  -1.186824   .2589089    -4.58   0.000    -1.694828    -.678819
         11  |  -1.019407   .5251772    -1.94   0.053    -2.049856    .0110423
         12  |  -1.126205   .5412099    -2.08   0.038    -2.188112   -.0642987
             |
       _cons |   9.087325   .3977206    22.85   0.000     8.306959    9.867692
------------------------------------------------------------------------------

. estimates store model_grade

. // regress in-school on vouch 0
. reg inschl vouch0 svy hsvisit age sex i.strata i.month, robust

Linear regression                               Number of obs     =      1,135
                                                F(20, 1113)       =          .
                                                Prob > F          =          .
                                                R-squared         =     0.1646
                                                Root MSE          =     .33868

------------------------------------------------------------------------------
             |               Robust
      inschl |      Coef.   Std. Err.      t    P>|t|     [95% Conf. Interval]
-------------+----------------------------------------------------------------
      vouch0 |    .007645    .020327     0.38   0.707    -.0322385    .0475285
         svy |   .0325055   .0516171     0.63   0.529    -.0687722    .1337833
     hsvisit |    .095826   .0434116     2.21   0.027     .0106481    .1810038
         age |  -.0970536   .0089574   -10.84   0.000    -.1146288   -.0794783
         sex |  -.0041665   .0202265    -0.21   0.837    -.0438528    .0355198
             |
      strata |
          1  |   .0063466   .0426497     0.15   0.882    -.0773362    .0900294
          2  |   .0812447   .0326669     2.49   0.013      .017149    .1453404
          3  |   .0760033     .03985     1.91   0.057    -.0021863    .1541928
          4  |   .3002944   .0662997     4.53   0.000     .1702079     .430381
          5  |   .1409192   .0452397     3.11   0.002     .0521544     .229684
             |
       month |
          2  |   .0826198   .0973864     0.85   0.396    -.1084619    .2737015
          3  |   .1302094   .0871659     1.49   0.136    -.0408186    .3012374
          4  |   .1414189    .088086     1.61   0.109    -.0314145    .3142523
          5  |   .1671089   .0918533     1.82   0.069    -.0131163     .347334
          6  |     .03426   .0979014     0.35   0.726    -.1578321    .2263521
          7  |   .1017753   .0977793     1.04   0.298    -.0900772    .2936278
          8  |   .0883045   .0969415     0.91   0.363    -.1019043    .2785132
          9  |   .1307536   .1179079     1.11   0.268    -.1005932    .3621004
         10  |   .2394506   .0918258     2.61   0.009     .0592795    .4196217
         11  |  -.2744124   .2943517    -0.93   0.351    -.8519591    .3031343
         12  |   -.150563   .2042947    -0.74   0.461    -.5514091     .250283
             |
       _cons |   2.106769   .1534067    13.73   0.000      1.80577    2.407768
------------------------------------------------------------------------------

. estimates store model_inschool

. 
. //secondly, using esttable to construct a table
. esttab model using "result_G", ///
> rtf replace se ///
> mtitles("scyfnsh" "inschl") ///
> stats(N r2 F, labels("Observations" "R-squared" "F-stat")) ///
> drop(_cons *.t_site svy hsvisit age sex strata month)
coefficient month not found
r(111);
r(111);

. do "/var/folders/f_/mkv__l410wg2mhmdf36mb_9c0000gn/T//SD62952.000000"

. 
. use "datasets/Angrist_etal_Columbia2002_2.dta", clear           // Loads the file

. datasignature                                                                                           // check
> s data integrity                        
  1135:11(82263):3947394313:3795635134

. 
. // your code for the Exercise questions f-l goes here
. 
. // Question (f)
. count
  1,135

. summarize math reading writing month
variable math not found
r(111);

end of do-file

r(111);

. include "/var/folders/f_/mkv__l410wg2mhmdf36mb_9c0000gn/T//SD62952.000000"

. // Question (e) 
. 
. clear

. use "datasets/Angrist_etal_Columbia2002_2.dta", clear           // Loads the file

. datasignature                                                                                           // check
> s data integrity                        
  1135:11(82263):3947394313:3795635134

. 
. // your code for the Exercise questions f-l goes here
. 
. // Question (f)
. count
  1,135

. summarize math reading writing month
variable math not found
r(111);
r(111);

. use "/Users/nisailing/Desktop/ECO372/ECO372_A3/datasets/Angrist_etal_Columbia2002_2.dta"

. do "/var/folders/f_/mkv__l410wg2mhmdf36mb_9c0000gn/T//SD62952.000000"

. clear

. use "datasets/Angrist_etal_Columbia2002_2.dta", clear           // Loads the file

. datasignature                                                                                           // check
> s data integrity                        
  1135:11(82263):3947394313:3795635134

. 
. // your code for the Exercise questions f-l goes here
. 
. // Question (f)
. count
  1,135

. summarize math reading writing month
variable math not found
r(111);

end of do-file

r(111);

. use "/Users/nisailing/Desktop/ECO372/ECO372_A3/datasets/Angrist_etal_Columbia2002_2.dta"

. tabulate month

   Month of |
     survey |      Freq.     Percent        Cum.
------------+-----------------------------------
          1 |         25        2.20        2.20
          2 |         42        3.70        5.90
          3 |        469       41.32       47.22
          4 |        253       22.29       69.52
          5 |         73        6.43       75.95
          6 |         75        6.61       82.56
          7 |         77        6.78       89.34
          8 |         98        8.63       97.97
          9 |         11        0.97       98.94
         10 |          1        0.09       99.03
         11 |          5        0.44       99.47
         12 |          6        0.53      100.00
------------+-----------------------------------
      Total |      1,135      100.00

. summarize reading writing month
variable reading not found
r(111);

. summarize month

    Variable |        Obs        Mean    Std. Dev.       Min        Max
-------------+---------------------------------------------------------
       month |      1,135    4.318943    1.951923          1         12

. do "/var/folders/f_/mkv__l410wg2mhmdf36mb_9c0000gn/T//SD62952.000000"

. clear

. use "datasets/Angrist_etal_Columbia2002_2.dta", clear           // Loads the file

. datasignature                                                                                           // check
> s data integrity                        
  1135:11(82263):3947394313:3795635134

. 
. // your code for the Exercise questions f-l goes here
. 
. // Question (f)
. count
  1,135

. 
. // Question (g)
. 
. // first, both strata and month are categorical variable 
. tabulate strata

  Strata of |
  residence |      Freq.     Percent        Cum.
------------+-----------------------------------
          0 |        176       15.51       15.51
          1 |        165       14.54       30.04
          2 |        638       56.21       86.26
          3 |        148       13.04       99.30
          4 |          6        0.53       99.82
          5 |          2        0.18      100.00
------------+-----------------------------------
      Total |      1,135      100.00

. tabulate month

   Month of |
     survey |      Freq.     Percent        Cum.
------------+-----------------------------------
          1 |         25        2.20        2.20
          2 |         42        3.70        5.90
          3 |        469       41.32       47.22
          4 |        253       22.29       69.52
          5 |         73        6.43       75.95
          6 |         75        6.61       82.56
          7 |         77        6.78       89.34
          8 |         98        8.63       97.97
          9 |         11        0.97       98.94
         10 |          1        0.09       99.03
         11 |          5        0.44       99.47
         12 |          6        0.53      100.00
------------+-----------------------------------
      Total |      1,135      100.00

. // regress highest grade on vouch0
. reg scyfnsh vouch0 svy hsvisit age sex i.strata i.month, robust

Linear regression                               Number of obs     =      1,135
                                                F(20, 1113)       =          .
                                                Prob > F          =          .
                                                R-squared         =     0.1077
                                                Root MSE          =     .85997

------------------------------------------------------------------------------
             |               Robust
     scyfnsh |      Coef.   Std. Err.      t    P>|t|     [95% Conf. Interval]
-------------+----------------------------------------------------------------
      vouch0 |   .1264498   .0515738     2.45   0.014     .0252569    .2276428
         svy |   .8760175   .1709904     5.12   0.000     .5405178    1.211517
     hsvisit |  -.0188271   .1255999    -0.15   0.881    -.2652664    .2276121
         age |  -.1127283    .022357    -5.04   0.000    -.1565948   -.0688617
         sex |  -.1724894   .0515166    -3.35   0.001    -.2735699   -.0714089
             |
      strata |
          1  |  -.0494305   .1007397    -0.49   0.624    -.2470917    .1482307
          2  |   .0868942   .0774995     1.12   0.262    -.0651675    .2389558
          3  |   .1731343   .0944671     1.83   0.067    -.0122194    .3584881
          4  |   .5160276   .0958968     5.38   0.000     .3278688    .7041865
          5  |   .5548946   .1111855     4.99   0.000     .3367379    .7730513
             |
       month |
          2  |   .1487478   .2656212     0.56   0.576    -.3724269    .6699225
          3  |   .1347069    .253324     0.53   0.595    -.3623395    .6317533
          4  |   .0732884   .2597453     0.28   0.778    -.4363572     .582934
          5  |   .1084487   .2613721     0.41   0.678    -.4043889    .6212863
          6  |  -.2013462    .286029    -0.70   0.482     -.762563    .3598705
          7  |  -.9134621   .2747376    -3.32   0.001    -1.452524   -.3744001
          8  |  -.7382134   .2659504    -2.78   0.006    -1.260034   -.2163927
          9  |   -.674359   .2975711    -2.27   0.024    -1.258223   -.0904954
         10  |  -1.186824   .2589089    -4.58   0.000    -1.694828    -.678819
         11  |  -1.019407   .5251772    -1.94   0.053    -2.049856    .0110423
         12  |  -1.126205   .5412099    -2.08   0.038    -2.188112   -.0642987
             |
       _cons |   9.087325   .3977206    22.85   0.000     8.306959    9.867692
------------------------------------------------------------------------------

. estimates store model_grade

. // regress in-school on vouch 0
. reg inschl vouch0 svy hsvisit age sex i.strata i.month, robust

Linear regression                               Number of obs     =      1,135
                                                F(20, 1113)       =          .
                                                Prob > F          =          .
                                                R-squared         =     0.1646
                                                Root MSE          =     .33868

------------------------------------------------------------------------------
             |               Robust
      inschl |      Coef.   Std. Err.      t    P>|t|     [95% Conf. Interval]
-------------+----------------------------------------------------------------
      vouch0 |    .007645    .020327     0.38   0.707    -.0322385    .0475285
         svy |   .0325055   .0516171     0.63   0.529    -.0687722    .1337833
     hsvisit |    .095826   .0434116     2.21   0.027     .0106481    .1810038
         age |  -.0970536   .0089574   -10.84   0.000    -.1146288   -.0794783
         sex |  -.0041665   .0202265    -0.21   0.837    -.0438528    .0355198
             |
      strata |
          1  |   .0063466   .0426497     0.15   0.882    -.0773362    .0900294
          2  |   .0812447   .0326669     2.49   0.013      .017149    .1453404
          3  |   .0760033     .03985     1.91   0.057    -.0021863    .1541928
          4  |   .3002944   .0662997     4.53   0.000     .1702079     .430381
          5  |   .1409192   .0452397     3.11   0.002     .0521544     .229684
             |
       month |
          2  |   .0826198   .0973864     0.85   0.396    -.1084619    .2737015
          3  |   .1302094   .0871659     1.49   0.136    -.0408186    .3012374
          4  |   .1414189    .088086     1.61   0.109    -.0314145    .3142523
          5  |   .1671089   .0918533     1.82   0.069    -.0131163     .347334
          6  |     .03426   .0979014     0.35   0.726    -.1578321    .2263521
          7  |   .1017753   .0977793     1.04   0.298    -.0900772    .2936278
          8  |   .0883045   .0969415     0.91   0.363    -.1019043    .2785132
          9  |   .1307536   .1179079     1.11   0.268    -.1005932    .3621004
         10  |   .2394506   .0918258     2.61   0.009     .0592795    .4196217
         11  |  -.2744124   .2943517    -0.93   0.351    -.8519591    .3031343
         12  |   -.150563   .2042947    -0.74   0.461    -.5514091     .250283
             |
       _cons |   2.106769   .1534067    13.73   0.000      1.80577    2.407768
------------------------------------------------------------------------------

. estimates store model_inschool

. 
. //secondly, using esttable to construct a table
. esttab model using "result_G", ///
> rtf replace se ///
> mtitles("scyfnsh" "inschl") ///
> stats(N r2 F, labels("Observations" "R-squared" "F-stat")) ///
> drop(_cons *.t_site svy hsvisit age sex strata month)
coefficient month not found
r(111);

end of do-file

r(111);

. do "/var/folders/f_/mkv__l410wg2mhmdf36mb_9c0000gn/T//SD62952.000000"

. clear

. use "datasets/Angrist_etal_Columbia2002_2.dta", clear           // Loads the file

. datasignature                                                                                           // check
> s data integrity                        
  1135:11(82263):3947394313:3795635134

. 
. // your code for the Exercise questions f-l goes here
. 
. // Question (f)
. count
  1,135

. 
. // Question (g)
. 
. // first, both strata and month are categorical variable 
. tabulate strata

  Strata of |
  residence |      Freq.     Percent        Cum.
------------+-----------------------------------
          0 |        176       15.51       15.51
          1 |        165       14.54       30.04
          2 |        638       56.21       86.26
          3 |        148       13.04       99.30
          4 |          6        0.53       99.82
          5 |          2        0.18      100.00
------------+-----------------------------------
      Total |      1,135      100.00

. tabulate month

   Month of |
     survey |      Freq.     Percent        Cum.
------------+-----------------------------------
          1 |         25        2.20        2.20
          2 |         42        3.70        5.90
          3 |        469       41.32       47.22
          4 |        253       22.29       69.52
          5 |         73        6.43       75.95
          6 |         75        6.61       82.56
          7 |         77        6.78       89.34
          8 |         98        8.63       97.97
          9 |         11        0.97       98.94
         10 |          1        0.09       99.03
         11 |          5        0.44       99.47
         12 |          6        0.53      100.00
------------+-----------------------------------
      Total |      1,135      100.00

. // regress highest grade on vouch0
. reg scyfnsh vouch0 svy hsvisit age sex i.strata i.month, robust

Linear regression                               Number of obs     =      1,135
                                                F(20, 1113)       =          .
                                                Prob > F          =          .
                                                R-squared         =     0.1077
                                                Root MSE          =     .85997

------------------------------------------------------------------------------
             |               Robust
     scyfnsh |      Coef.   Std. Err.      t    P>|t|     [95% Conf. Interval]
-------------+----------------------------------------------------------------
      vouch0 |   .1264498   .0515738     2.45   0.014     .0252569    .2276428
         svy |   .8760175   .1709904     5.12   0.000     .5405178    1.211517
     hsvisit |  -.0188271   .1255999    -0.15   0.881    -.2652664    .2276121
         age |  -.1127283    .022357    -5.04   0.000    -.1565948   -.0688617
         sex |  -.1724894   .0515166    -3.35   0.001    -.2735699   -.0714089
             |
      strata |
          1  |  -.0494305   .1007397    -0.49   0.624    -.2470917    .1482307
          2  |   .0868942   .0774995     1.12   0.262    -.0651675    .2389558
          3  |   .1731343   .0944671     1.83   0.067    -.0122194    .3584881
          4  |   .5160276   .0958968     5.38   0.000     .3278688    .7041865
          5  |   .5548946   .1111855     4.99   0.000     .3367379    .7730513
             |
       month |
          2  |   .1487478   .2656212     0.56   0.576    -.3724269    .6699225
          3  |   .1347069    .253324     0.53   0.595    -.3623395    .6317533
          4  |   .0732884   .2597453     0.28   0.778    -.4363572     .582934
          5  |   .1084487   .2613721     0.41   0.678    -.4043889    .6212863
          6  |  -.2013462    .286029    -0.70   0.482     -.762563    .3598705
          7  |  -.9134621   .2747376    -3.32   0.001    -1.452524   -.3744001
          8  |  -.7382134   .2659504    -2.78   0.006    -1.260034   -.2163927
          9  |   -.674359   .2975711    -2.27   0.024    -1.258223   -.0904954
         10  |  -1.186824   .2589089    -4.58   0.000    -1.694828    -.678819
         11  |  -1.019407   .5251772    -1.94   0.053    -2.049856    .0110423
         12  |  -1.126205   .5412099    -2.08   0.038    -2.188112   -.0642987
             |
       _cons |   9.087325   .3977206    22.85   0.000     8.306959    9.867692
------------------------------------------------------------------------------

. estimates store model_grade

. // regress in-school on vouch 0
. reg inschl vouch0 svy hsvisit age sex i.strata i.month, robust

Linear regression                               Number of obs     =      1,135
                                                F(20, 1113)       =          .
                                                Prob > F          =          .
                                                R-squared         =     0.1646
                                                Root MSE          =     .33868

------------------------------------------------------------------------------
             |               Robust
      inschl |      Coef.   Std. Err.      t    P>|t|     [95% Conf. Interval]
-------------+----------------------------------------------------------------
      vouch0 |    .007645    .020327     0.38   0.707    -.0322385    .0475285
         svy |   .0325055   .0516171     0.63   0.529    -.0687722    .1337833
     hsvisit |    .095826   .0434116     2.21   0.027     .0106481    .1810038
         age |  -.0970536   .0089574   -10.84   0.000    -.1146288   -.0794783
         sex |  -.0041665   .0202265    -0.21   0.837    -.0438528    .0355198
             |
      strata |
          1  |   .0063466   .0426497     0.15   0.882    -.0773362    .0900294
          2  |   .0812447   .0326669     2.49   0.013      .017149    .1453404
          3  |   .0760033     .03985     1.91   0.057    -.0021863    .1541928
          4  |   .3002944   .0662997     4.53   0.000     .1702079     .430381
          5  |   .1409192   .0452397     3.11   0.002     .0521544     .229684
             |
       month |
          2  |   .0826198   .0973864     0.85   0.396    -.1084619    .2737015
          3  |   .1302094   .0871659     1.49   0.136    -.0408186    .3012374
          4  |   .1414189    .088086     1.61   0.109    -.0314145    .3142523
          5  |   .1671089   .0918533     1.82   0.069    -.0131163     .347334
          6  |     .03426   .0979014     0.35   0.726    -.1578321    .2263521
          7  |   .1017753   .0977793     1.04   0.298    -.0900772    .2936278
          8  |   .0883045   .0969415     0.91   0.363    -.1019043    .2785132
          9  |   .1307536   .1179079     1.11   0.268    -.1005932    .3621004
         10  |   .2394506   .0918258     2.61   0.009     .0592795    .4196217
         11  |  -.2744124   .2943517    -0.93   0.351    -.8519591    .3031343
         12  |   -.150563   .2042947    -0.74   0.461    -.5514091     .250283
             |
       _cons |   2.106769   .1534067    13.73   0.000      1.80577    2.407768
------------------------------------------------------------------------------

. estimates store model_inschool

. 
. //secondly, using esttable to construct a table
. esttab model using "result_G", ///
> rtf replace se ///
> mtitles("scyfnsh" "inschl") ///
> stats(N r2 F, labels("Observations" "R-squared" "F-stat")) ///
> drop(_cons *.t_site svy hsvisit age sex strata)
(note: file result_G.rtf not found)
(output written to result_G.rtf)

. 
end of do-file

. do "/var/folders/f_/mkv__l410wg2mhmdf36mb_9c0000gn/T//SD62952.000000"

. use "datasets/Angrist_etal_Columbia2002_2.dta", clear           // Loads the file

. datasignature                                                                                           // check
> s data integrity                        
  1135:11(82263):3947394313:3795635134

. 
. // your code for the Exercise questions f-l goes here
. 
. // Question (f)
. count
  1,135

. 
. // Question (g)
. 
. // first, both strata and month are categorical variable 
. tabulate strata

  Strata of |
  residence |      Freq.     Percent        Cum.
------------+-----------------------------------
          0 |        176       15.51       15.51
          1 |        165       14.54       30.04
          2 |        638       56.21       86.26
          3 |        148       13.04       99.30
          4 |          6        0.53       99.82
          5 |          2        0.18      100.00
------------+-----------------------------------
      Total |      1,135      100.00

. tabulate month

   Month of |
     survey |      Freq.     Percent        Cum.
------------+-----------------------------------
          1 |         25        2.20        2.20
          2 |         42        3.70        5.90
          3 |        469       41.32       47.22
          4 |        253       22.29       69.52
          5 |         73        6.43       75.95
          6 |         75        6.61       82.56
          7 |         77        6.78       89.34
          8 |         98        8.63       97.97
          9 |         11        0.97       98.94
         10 |          1        0.09       99.03
         11 |          5        0.44       99.47
         12 |          6        0.53      100.00
------------+-----------------------------------
      Total |      1,135      100.00

. // regress highest grade on vouch0
. reg scyfnsh vouch0 svy hsvisit age sex i.strata i.month, robust

Linear regression                               Number of obs     =      1,135
                                                F(20, 1113)       =          .
                                                Prob > F          =          .
                                                R-squared         =     0.1077
                                                Root MSE          =     .85997

------------------------------------------------------------------------------
             |               Robust
     scyfnsh |      Coef.   Std. Err.      t    P>|t|     [95% Conf. Interval]
-------------+----------------------------------------------------------------
      vouch0 |   .1264498   .0515738     2.45   0.014     .0252569    .2276428
         svy |   .8760175   .1709904     5.12   0.000     .5405178    1.211517
     hsvisit |  -.0188271   .1255999    -0.15   0.881    -.2652664    .2276121
         age |  -.1127283    .022357    -5.04   0.000    -.1565948   -.0688617
         sex |  -.1724894   .0515166    -3.35   0.001    -.2735699   -.0714089
             |
      strata |
          1  |  -.0494305   .1007397    -0.49   0.624    -.2470917    .1482307
          2  |   .0868942   .0774995     1.12   0.262    -.0651675    .2389558
          3  |   .1731343   .0944671     1.83   0.067    -.0122194    .3584881
          4  |   .5160276   .0958968     5.38   0.000     .3278688    .7041865
          5  |   .5548946   .1111855     4.99   0.000     .3367379    .7730513
             |
       month |
          2  |   .1487478   .2656212     0.56   0.576    -.3724269    .6699225
          3  |   .1347069    .253324     0.53   0.595    -.3623395    .6317533
          4  |   .0732884   .2597453     0.28   0.778    -.4363572     .582934
          5  |   .1084487   .2613721     0.41   0.678    -.4043889    .6212863
          6  |  -.2013462    .286029    -0.70   0.482     -.762563    .3598705
          7  |  -.9134621   .2747376    -3.32   0.001    -1.452524   -.3744001
          8  |  -.7382134   .2659504    -2.78   0.006    -1.260034   -.2163927
          9  |   -.674359   .2975711    -2.27   0.024    -1.258223   -.0904954
         10  |  -1.186824   .2589089    -4.58   0.000    -1.694828    -.678819
         11  |  -1.019407   .5251772    -1.94   0.053    -2.049856    .0110423
         12  |  -1.126205   .5412099    -2.08   0.038    -2.188112   -.0642987
             |
       _cons |   9.087325   .3977206    22.85   0.000     8.306959    9.867692
------------------------------------------------------------------------------

. estimates store model_grade

. // regress in-school on vouch 0
. reg inschl vouch0 svy hsvisit age sex i.strata i.month, robust

Linear regression                               Number of obs     =      1,135
                                                F(20, 1113)       =          .
                                                Prob > F          =          .
                                                R-squared         =     0.1646
                                                Root MSE          =     .33868

------------------------------------------------------------------------------
             |               Robust
      inschl |      Coef.   Std. Err.      t    P>|t|     [95% Conf. Interval]
-------------+----------------------------------------------------------------
      vouch0 |    .007645    .020327     0.38   0.707    -.0322385    .0475285
         svy |   .0325055   .0516171     0.63   0.529    -.0687722    .1337833
     hsvisit |    .095826   .0434116     2.21   0.027     .0106481    .1810038
         age |  -.0970536   .0089574   -10.84   0.000    -.1146288   -.0794783
         sex |  -.0041665   .0202265    -0.21   0.837    -.0438528    .0355198
             |
      strata |
          1  |   .0063466   .0426497     0.15   0.882    -.0773362    .0900294
          2  |   .0812447   .0326669     2.49   0.013      .017149    .1453404
          3  |   .0760033     .03985     1.91   0.057    -.0021863    .1541928
          4  |   .3002944   .0662997     4.53   0.000     .1702079     .430381
          5  |   .1409192   .0452397     3.11   0.002     .0521544     .229684
             |
       month |
          2  |   .0826198   .0973864     0.85   0.396    -.1084619    .2737015
          3  |   .1302094   .0871659     1.49   0.136    -.0408186    .3012374
          4  |   .1414189    .088086     1.61   0.109    -.0314145    .3142523
          5  |   .1671089   .0918533     1.82   0.069    -.0131163     .347334
          6  |     .03426   .0979014     0.35   0.726    -.1578321    .2263521
          7  |   .1017753   .0977793     1.04   0.298    -.0900772    .2936278
          8  |   .0883045   .0969415     0.91   0.363    -.1019043    .2785132
          9  |   .1307536   .1179079     1.11   0.268    -.1005932    .3621004
         10  |   .2394506   .0918258     2.61   0.009     .0592795    .4196217
         11  |  -.2744124   .2943517    -0.93   0.351    -.8519591    .3031343
         12  |   -.150563   .2042947    -0.74   0.461    -.5514091     .250283
             |
       _cons |   2.106769   .1534067    13.73   0.000      1.80577    2.407768
------------------------------------------------------------------------------

. estimates store model_inschool

. 
. //secondly, using esttable to construct a table
. esttab model_grade model_inschool using "result_G", ///
> rtf replace se ///
> mtitles("scyfnsh" "inschl") ///
> stats(N r2 F, labels("Observations" "R-squared" "F-stat")) ///
> drop(_cons *.t_site svy hsvisit age sex strata month)
coefficient *.t_site not found
r(111);

end of do-file

r(111);

. do "/var/folders/f_/mkv__l410wg2mhmdf36mb_9c0000gn/T//SD62952.000000"

. clear

. use "datasets/Angrist_etal_Columbia2002_2.dta", clear           // Loads the file

. datasignature                                                                                           // check
> s data integrity                        
  1135:11(82263):3947394313:3795635134

. 
. // your code for the Exercise questions f-l goes here
. 
. // Question (f)
. count
  1,135

. 
. // Question (g)
. 
. // first, both strata and month are categorical variable 
. tabulate strata

  Strata of |
  residence |      Freq.     Percent        Cum.
------------+-----------------------------------
          0 |        176       15.51       15.51
          1 |        165       14.54       30.04
          2 |        638       56.21       86.26
          3 |        148       13.04       99.30
          4 |          6        0.53       99.82
          5 |          2        0.18      100.00
------------+-----------------------------------
      Total |      1,135      100.00

. tabulate month

   Month of |
     survey |      Freq.     Percent        Cum.
------------+-----------------------------------
          1 |         25        2.20        2.20
          2 |         42        3.70        5.90
          3 |        469       41.32       47.22
          4 |        253       22.29       69.52
          5 |         73        6.43       75.95
          6 |         75        6.61       82.56
          7 |         77        6.78       89.34
          8 |         98        8.63       97.97
          9 |         11        0.97       98.94
         10 |          1        0.09       99.03
         11 |          5        0.44       99.47
         12 |          6        0.53      100.00
------------+-----------------------------------
      Total |      1,135      100.00

. // regress highest grade on vouch0
. reg scyfnsh vouch0 svy hsvisit age sex i.strata i.month, robust

Linear regression                               Number of obs     =      1,135
                                                F(20, 1113)       =          .
                                                Prob > F          =          .
                                                R-squared         =     0.1077
                                                Root MSE          =     .85997

------------------------------------------------------------------------------
             |               Robust
     scyfnsh |      Coef.   Std. Err.      t    P>|t|     [95% Conf. Interval]
-------------+----------------------------------------------------------------
      vouch0 |   .1264498   .0515738     2.45   0.014     .0252569    .2276428
         svy |   .8760175   .1709904     5.12   0.000     .5405178    1.211517
     hsvisit |  -.0188271   .1255999    -0.15   0.881    -.2652664    .2276121
         age |  -.1127283    .022357    -5.04   0.000    -.1565948   -.0688617
         sex |  -.1724894   .0515166    -3.35   0.001    -.2735699   -.0714089
             |
      strata |
          1  |  -.0494305   .1007397    -0.49   0.624    -.2470917    .1482307
          2  |   .0868942   .0774995     1.12   0.262    -.0651675    .2389558
          3  |   .1731343   .0944671     1.83   0.067    -.0122194    .3584881
          4  |   .5160276   .0958968     5.38   0.000     .3278688    .7041865
          5  |   .5548946   .1111855     4.99   0.000     .3367379    .7730513
             |
       month |
          2  |   .1487478   .2656212     0.56   0.576    -.3724269    .6699225
          3  |   .1347069    .253324     0.53   0.595    -.3623395    .6317533
          4  |   .0732884   .2597453     0.28   0.778    -.4363572     .582934
          5  |   .1084487   .2613721     0.41   0.678    -.4043889    .6212863
          6  |  -.2013462    .286029    -0.70   0.482     -.762563    .3598705
          7  |  -.9134621   .2747376    -3.32   0.001    -1.452524   -.3744001
          8  |  -.7382134   .2659504    -2.78   0.006    -1.260034   -.2163927
          9  |   -.674359   .2975711    -2.27   0.024    -1.258223   -.0904954
         10  |  -1.186824   .2589089    -4.58   0.000    -1.694828    -.678819
         11  |  -1.019407   .5251772    -1.94   0.053    -2.049856    .0110423
         12  |  -1.126205   .5412099    -2.08   0.038    -2.188112   -.0642987
             |
       _cons |   9.087325   .3977206    22.85   0.000     8.306959    9.867692
------------------------------------------------------------------------------

. estimates store model_grade

. // regress in-school on vouch 0
. reg inschl vouch0 svy hsvisit age sex i.strata i.month, robust

Linear regression                               Number of obs     =      1,135
                                                F(20, 1113)       =          .
                                                Prob > F          =          .
                                                R-squared         =     0.1646
                                                Root MSE          =     .33868

------------------------------------------------------------------------------
             |               Robust
      inschl |      Coef.   Std. Err.      t    P>|t|     [95% Conf. Interval]
-------------+----------------------------------------------------------------
      vouch0 |    .007645    .020327     0.38   0.707    -.0322385    .0475285
         svy |   .0325055   .0516171     0.63   0.529    -.0687722    .1337833
     hsvisit |    .095826   .0434116     2.21   0.027     .0106481    .1810038
         age |  -.0970536   .0089574   -10.84   0.000    -.1146288   -.0794783
         sex |  -.0041665   .0202265    -0.21   0.837    -.0438528    .0355198
             |
      strata |
          1  |   .0063466   .0426497     0.15   0.882    -.0773362    .0900294
          2  |   .0812447   .0326669     2.49   0.013      .017149    .1453404
          3  |   .0760033     .03985     1.91   0.057    -.0021863    .1541928
          4  |   .3002944   .0662997     4.53   0.000     .1702079     .430381
          5  |   .1409192   .0452397     3.11   0.002     .0521544     .229684
             |
       month |
          2  |   .0826198   .0973864     0.85   0.396    -.1084619    .2737015
          3  |   .1302094   .0871659     1.49   0.136    -.0408186    .3012374
          4  |   .1414189    .088086     1.61   0.109    -.0314145    .3142523
          5  |   .1671089   .0918533     1.82   0.069    -.0131163     .347334
          6  |     .03426   .0979014     0.35   0.726    -.1578321    .2263521
          7  |   .1017753   .0977793     1.04   0.298    -.0900772    .2936278
          8  |   .0883045   .0969415     0.91   0.363    -.1019043    .2785132
          9  |   .1307536   .1179079     1.11   0.268    -.1005932    .3621004
         10  |   .2394506   .0918258     2.61   0.009     .0592795    .4196217
         11  |  -.2744124   .2943517    -0.93   0.351    -.8519591    .3031343
         12  |   -.150563   .2042947    -0.74   0.461    -.5514091     .250283
             |
       _cons |   2.106769   .1534067    13.73   0.000      1.80577    2.407768
------------------------------------------------------------------------------

. estimates store model_inschool

. 
. //secondly, using esttable to construct a table
. esttab model_grade model_inschool using "result_G", ///
> rtf replace se ///
> mtitles("scyfnsh" "inschl") ///
> stats(N r2 F, labels("Observations" "R-squared" "F-stat")) ///
> drop(_cons svy hsvisit age sex strata month)
coefficient strata not found
r(111);

end of do-file

r(111);

. do "/var/folders/f_/mkv__l410wg2mhmdf36mb_9c0000gn/T//SD62952.000000"

. 
. clear

. use "datasets/Angrist_etal_Columbia2002_2.dta", clear           // Loads the file

. datasignature                                                                                           // check
> s data integrity                        
  1135:11(82263):3947394313:3795635134

. 
. // your code for the Exercise questions f-l goes here
. 
. // Question (f)
. count
  1,135

. 
. // Question (g)
. 
. // first, both strata and month are categorical variable 
. tabulate strata

  Strata of |
  residence |      Freq.     Percent        Cum.
------------+-----------------------------------
          0 |        176       15.51       15.51
          1 |        165       14.54       30.04
          2 |        638       56.21       86.26
          3 |        148       13.04       99.30
          4 |          6        0.53       99.82
          5 |          2        0.18      100.00
------------+-----------------------------------
      Total |      1,135      100.00

. tabulate month

   Month of |
     survey |      Freq.     Percent        Cum.
------------+-----------------------------------
          1 |         25        2.20        2.20
          2 |         42        3.70        5.90
          3 |        469       41.32       47.22
          4 |        253       22.29       69.52
          5 |         73        6.43       75.95
          6 |         75        6.61       82.56
          7 |         77        6.78       89.34
          8 |         98        8.63       97.97
          9 |         11        0.97       98.94
         10 |          1        0.09       99.03
         11 |          5        0.44       99.47
         12 |          6        0.53      100.00
------------+-----------------------------------
      Total |      1,135      100.00

. // regress highest grade on vouch0
. reg scyfnsh vouch0 svy hsvisit age sex i.strata i.month, robust

Linear regression                               Number of obs     =      1,135
                                                F(20, 1113)       =          .
                                                Prob > F          =          .
                                                R-squared         =     0.1077
                                                Root MSE          =     .85997

------------------------------------------------------------------------------
             |               Robust
     scyfnsh |      Coef.   Std. Err.      t    P>|t|     [95% Conf. Interval]
-------------+----------------------------------------------------------------
      vouch0 |   .1264498   .0515738     2.45   0.014     .0252569    .2276428
         svy |   .8760175   .1709904     5.12   0.000     .5405178    1.211517
     hsvisit |  -.0188271   .1255999    -0.15   0.881    -.2652664    .2276121
         age |  -.1127283    .022357    -5.04   0.000    -.1565948   -.0688617
         sex |  -.1724894   .0515166    -3.35   0.001    -.2735699   -.0714089
             |
      strata |
          1  |  -.0494305   .1007397    -0.49   0.624    -.2470917    .1482307
          2  |   .0868942   .0774995     1.12   0.262    -.0651675    .2389558
          3  |   .1731343   .0944671     1.83   0.067    -.0122194    .3584881
          4  |   .5160276   .0958968     5.38   0.000     .3278688    .7041865
          5  |   .5548946   .1111855     4.99   0.000     .3367379    .7730513
             |
       month |
          2  |   .1487478   .2656212     0.56   0.576    -.3724269    .6699225
          3  |   .1347069    .253324     0.53   0.595    -.3623395    .6317533
          4  |   .0732884   .2597453     0.28   0.778    -.4363572     .582934
          5  |   .1084487   .2613721     0.41   0.678    -.4043889    .6212863
          6  |  -.2013462    .286029    -0.70   0.482     -.762563    .3598705
          7  |  -.9134621   .2747376    -3.32   0.001    -1.452524   -.3744001
          8  |  -.7382134   .2659504    -2.78   0.006    -1.260034   -.2163927
          9  |   -.674359   .2975711    -2.27   0.024    -1.258223   -.0904954
         10  |  -1.186824   .2589089    -4.58   0.000    -1.694828    -.678819
         11  |  -1.019407   .5251772    -1.94   0.053    -2.049856    .0110423
         12  |  -1.126205   .5412099    -2.08   0.038    -2.188112   -.0642987
             |
       _cons |   9.087325   .3977206    22.85   0.000     8.306959    9.867692
------------------------------------------------------------------------------

. estimates store model_grade

. // regress in-school on vouch 0
. reg inschl vouch0 svy hsvisit age sex i.strata i.month, robust

Linear regression                               Number of obs     =      1,135
                                                F(20, 1113)       =          .
                                                Prob > F          =          .
                                                R-squared         =     0.1646
                                                Root MSE          =     .33868

------------------------------------------------------------------------------
             |               Robust
      inschl |      Coef.   Std. Err.      t    P>|t|     [95% Conf. Interval]
-------------+----------------------------------------------------------------
      vouch0 |    .007645    .020327     0.38   0.707    -.0322385    .0475285
         svy |   .0325055   .0516171     0.63   0.529    -.0687722    .1337833
     hsvisit |    .095826   .0434116     2.21   0.027     .0106481    .1810038
         age |  -.0970536   .0089574   -10.84   0.000    -.1146288   -.0794783
         sex |  -.0041665   .0202265    -0.21   0.837    -.0438528    .0355198
             |
      strata |
          1  |   .0063466   .0426497     0.15   0.882    -.0773362    .0900294
          2  |   .0812447   .0326669     2.49   0.013      .017149    .1453404
          3  |   .0760033     .03985     1.91   0.057    -.0021863    .1541928
          4  |   .3002944   .0662997     4.53   0.000     .1702079     .430381
          5  |   .1409192   .0452397     3.11   0.002     .0521544     .229684
             |
       month |
          2  |   .0826198   .0973864     0.85   0.396    -.1084619    .2737015
          3  |   .1302094   .0871659     1.49   0.136    -.0408186    .3012374
          4  |   .1414189    .088086     1.61   0.109    -.0314145    .3142523
          5  |   .1671089   .0918533     1.82   0.069    -.0131163     .347334
          6  |     .03426   .0979014     0.35   0.726    -.1578321    .2263521
          7  |   .1017753   .0977793     1.04   0.298    -.0900772    .2936278
          8  |   .0883045   .0969415     0.91   0.363    -.1019043    .2785132
          9  |   .1307536   .1179079     1.11   0.268    -.1005932    .3621004
         10  |   .2394506   .0918258     2.61   0.009     .0592795    .4196217
         11  |  -.2744124   .2943517    -0.93   0.351    -.8519591    .3031343
         12  |   -.150563   .2042947    -0.74   0.461    -.5514091     .250283
             |
       _cons |   2.106769   .1534067    13.73   0.000      1.80577    2.407768
------------------------------------------------------------------------------

. estimates store model_inschool

. 
. //secondly, using esttable to construct a table
. esttab model_grade model_inschool using "result_G", ///
> rtf replace se ///
> mtitles("scyfnsh" "inschl") ///
> stats(N r2 F, labels("Observations" "R-squared" "F-stat")) ///
> drop(_cons svy hsvisit age sex)
(output written to result_G.rtf)

. 
end of do-file

. do "/var/folders/f_/mkv__l410wg2mhmdf36mb_9c0000gn/T//SD62952.000000"

. clear

. use "datasets/Angrist_etal_Columbia2002_2.dta", clear           // Loads the file

. datasignature                                                                                           // check
> s data integrity                        
  1135:11(82263):3947394313:3795635134

. 
. // your code for the Exercise questions f-l goes here
. 
. // Question (f)
. count
  1,135

. 
. // Question (g)
. 
. // first, both strata and month are categorical variable 
. tabulate strata

  Strata of |
  residence |      Freq.     Percent        Cum.
------------+-----------------------------------
          0 |        176       15.51       15.51
          1 |        165       14.54       30.04
          2 |        638       56.21       86.26
          3 |        148       13.04       99.30
          4 |          6        0.53       99.82
          5 |          2        0.18      100.00
------------+-----------------------------------
      Total |      1,135      100.00

. tabulate month

   Month of |
     survey |      Freq.     Percent        Cum.
------------+-----------------------------------
          1 |         25        2.20        2.20
          2 |         42        3.70        5.90
          3 |        469       41.32       47.22
          4 |        253       22.29       69.52
          5 |         73        6.43       75.95
          6 |         75        6.61       82.56
          7 |         77        6.78       89.34
          8 |         98        8.63       97.97
          9 |         11        0.97       98.94
         10 |          1        0.09       99.03
         11 |          5        0.44       99.47
         12 |          6        0.53      100.00
------------+-----------------------------------
      Total |      1,135      100.00

. // regress highest grade on vouch0
. reg scyfnsh vouch0 svy hsvisit age sex i.strata i.month, robust

Linear regression                               Number of obs     =      1,135
                                                F(20, 1113)       =          .
                                                Prob > F          =          .
                                                R-squared         =     0.1077
                                                Root MSE          =     .85997

------------------------------------------------------------------------------
             |               Robust
     scyfnsh |      Coef.   Std. Err.      t    P>|t|     [95% Conf. Interval]
-------------+----------------------------------------------------------------
      vouch0 |   .1264498   .0515738     2.45   0.014     .0252569    .2276428
         svy |   .8760175   .1709904     5.12   0.000     .5405178    1.211517
     hsvisit |  -.0188271   .1255999    -0.15   0.881    -.2652664    .2276121
         age |  -.1127283    .022357    -5.04   0.000    -.1565948   -.0688617
         sex |  -.1724894   .0515166    -3.35   0.001    -.2735699   -.0714089
             |
      strata |
          1  |  -.0494305   .1007397    -0.49   0.624    -.2470917    .1482307
          2  |   .0868942   .0774995     1.12   0.262    -.0651675    .2389558
          3  |   .1731343   .0944671     1.83   0.067    -.0122194    .3584881
          4  |   .5160276   .0958968     5.38   0.000     .3278688    .7041865
          5  |   .5548946   .1111855     4.99   0.000     .3367379    .7730513
             |
       month |
          2  |   .1487478   .2656212     0.56   0.576    -.3724269    .6699225
          3  |   .1347069    .253324     0.53   0.595    -.3623395    .6317533
          4  |   .0732884   .2597453     0.28   0.778    -.4363572     .582934
          5  |   .1084487   .2613721     0.41   0.678    -.4043889    .6212863
          6  |  -.2013462    .286029    -0.70   0.482     -.762563    .3598705
          7  |  -.9134621   .2747376    -3.32   0.001    -1.452524   -.3744001
          8  |  -.7382134   .2659504    -2.78   0.006    -1.260034   -.2163927
          9  |   -.674359   .2975711    -2.27   0.024    -1.258223   -.0904954
         10  |  -1.186824   .2589089    -4.58   0.000    -1.694828    -.678819
         11  |  -1.019407   .5251772    -1.94   0.053    -2.049856    .0110423
         12  |  -1.126205   .5412099    -2.08   0.038    -2.188112   -.0642987
             |
       _cons |   9.087325   .3977206    22.85   0.000     8.306959    9.867692
------------------------------------------------------------------------------

. estimates store model_grade

. // regress in-school on vouch 0
. reg inschl vouch0 svy hsvisit age sex i.strata i.month, robust

Linear regression                               Number of obs     =      1,135
                                                F(20, 1113)       =          .
                                                Prob > F          =          .
                                                R-squared         =     0.1646
                                                Root MSE          =     .33868

------------------------------------------------------------------------------
             |               Robust
      inschl |      Coef.   Std. Err.      t    P>|t|     [95% Conf. Interval]
-------------+----------------------------------------------------------------
      vouch0 |    .007645    .020327     0.38   0.707    -.0322385    .0475285
         svy |   .0325055   .0516171     0.63   0.529    -.0687722    .1337833
     hsvisit |    .095826   .0434116     2.21   0.027     .0106481    .1810038
         age |  -.0970536   .0089574   -10.84   0.000    -.1146288   -.0794783
         sex |  -.0041665   .0202265    -0.21   0.837    -.0438528    .0355198
             |
      strata |
          1  |   .0063466   .0426497     0.15   0.882    -.0773362    .0900294
          2  |   .0812447   .0326669     2.49   0.013      .017149    .1453404
          3  |   .0760033     .03985     1.91   0.057    -.0021863    .1541928
          4  |   .3002944   .0662997     4.53   0.000     .1702079     .430381
          5  |   .1409192   .0452397     3.11   0.002     .0521544     .229684
             |
       month |
          2  |   .0826198   .0973864     0.85   0.396    -.1084619    .2737015
          3  |   .1302094   .0871659     1.49   0.136    -.0408186    .3012374
          4  |   .1414189    .088086     1.61   0.109    -.0314145    .3142523
          5  |   .1671089   .0918533     1.82   0.069    -.0131163     .347334
          6  |     .03426   .0979014     0.35   0.726    -.1578321    .2263521
          7  |   .1017753   .0977793     1.04   0.298    -.0900772    .2936278
          8  |   .0883045   .0969415     0.91   0.363    -.1019043    .2785132
          9  |   .1307536   .1179079     1.11   0.268    -.1005932    .3621004
         10  |   .2394506   .0918258     2.61   0.009     .0592795    .4196217
         11  |  -.2744124   .2943517    -0.93   0.351    -.8519591    .3031343
         12  |   -.150563   .2042947    -0.74   0.461    -.5514091     .250283
             |
       _cons |   2.106769   .1534067    13.73   0.000      1.80577    2.407768
------------------------------------------------------------------------------

. estimates store model_inschool

. 
. //secondly, using esttable to construct a table
. esttab model_grade model_inschool using "result_G", ///
> rtf replace se ///
> mtitles("scyfnsh" "inschl") ///
> stats(N r2 F, labels("Observations" "R-squared" "F-stat")) ///
> drop(_cons svy hsvisit age sex i.strata i.month)
coefficient i.strata not found
r(111);

end of do-file

r(111);

. do "/var/folders/f_/mkv__l410wg2mhmdf36mb_9c0000gn/T//SD62952.000000"

. 
. clear

. use "datasets/Angrist_etal_Columbia2002_2.dta", clear           // Loads the file

. datasignature                                                                                           // check
> s data integrity                        
  1135:11(82263):3947394313:3795635134

. 
. // your code for the Exercise questions f-l goes here
. 
. // Question (f)
. count
  1,135

. 
. // Question (g)
. 
. // first, both strata and month are categorical variable 
. tabulate strata

  Strata of |
  residence |      Freq.     Percent        Cum.
------------+-----------------------------------
          0 |        176       15.51       15.51
          1 |        165       14.54       30.04
          2 |        638       56.21       86.26
          3 |        148       13.04       99.30
          4 |          6        0.53       99.82
          5 |          2        0.18      100.00
------------+-----------------------------------
      Total |      1,135      100.00

. tabulate month

   Month of |
     survey |      Freq.     Percent        Cum.
------------+-----------------------------------
          1 |         25        2.20        2.20
          2 |         42        3.70        5.90
          3 |        469       41.32       47.22
          4 |        253       22.29       69.52
          5 |         73        6.43       75.95
          6 |         75        6.61       82.56
          7 |         77        6.78       89.34
          8 |         98        8.63       97.97
          9 |         11        0.97       98.94
         10 |          1        0.09       99.03
         11 |          5        0.44       99.47
         12 |          6        0.53      100.00
------------+-----------------------------------
      Total |      1,135      100.00

. // regress highest grade on vouch0
. reg scyfnsh vouch0 svy hsvisit age sex i.strata i.month, robust

Linear regression                               Number of obs     =      1,135
                                                F(20, 1113)       =          .
                                                Prob > F          =          .
                                                R-squared         =     0.1077
                                                Root MSE          =     .85997

------------------------------------------------------------------------------
             |               Robust
     scyfnsh |      Coef.   Std. Err.      t    P>|t|     [95% Conf. Interval]
-------------+----------------------------------------------------------------
      vouch0 |   .1264498   .0515738     2.45   0.014     .0252569    .2276428
         svy |   .8760175   .1709904     5.12   0.000     .5405178    1.211517
     hsvisit |  -.0188271   .1255999    -0.15   0.881    -.2652664    .2276121
         age |  -.1127283    .022357    -5.04   0.000    -.1565948   -.0688617
         sex |  -.1724894   .0515166    -3.35   0.001    -.2735699   -.0714089
             |
      strata |
          1  |  -.0494305   .1007397    -0.49   0.624    -.2470917    .1482307
          2  |   .0868942   .0774995     1.12   0.262    -.0651675    .2389558
          3  |   .1731343   .0944671     1.83   0.067    -.0122194    .3584881
          4  |   .5160276   .0958968     5.38   0.000     .3278688    .7041865
          5  |   .5548946   .1111855     4.99   0.000     .3367379    .7730513
             |
       month |
          2  |   .1487478   .2656212     0.56   0.576    -.3724269    .6699225
          3  |   .1347069    .253324     0.53   0.595    -.3623395    .6317533
          4  |   .0732884   .2597453     0.28   0.778    -.4363572     .582934
          5  |   .1084487   .2613721     0.41   0.678    -.4043889    .6212863
          6  |  -.2013462    .286029    -0.70   0.482     -.762563    .3598705
          7  |  -.9134621   .2747376    -3.32   0.001    -1.452524   -.3744001
          8  |  -.7382134   .2659504    -2.78   0.006    -1.260034   -.2163927
          9  |   -.674359   .2975711    -2.27   0.024    -1.258223   -.0904954
         10  |  -1.186824   .2589089    -4.58   0.000    -1.694828    -.678819
         11  |  -1.019407   .5251772    -1.94   0.053    -2.049856    .0110423
         12  |  -1.126205   .5412099    -2.08   0.038    -2.188112   -.0642987
             |
       _cons |   9.087325   .3977206    22.85   0.000     8.306959    9.867692
------------------------------------------------------------------------------

. estimates store model_grade

. // regress in-school on vouch 0
. reg inschl vouch0 svy hsvisit age sex i.strata i.month, robust

Linear regression                               Number of obs     =      1,135
                                                F(20, 1113)       =          .
                                                Prob > F          =          .
                                                R-squared         =     0.1646
                                                Root MSE          =     .33868

------------------------------------------------------------------------------
             |               Robust
      inschl |      Coef.   Std. Err.      t    P>|t|     [95% Conf. Interval]
-------------+----------------------------------------------------------------
      vouch0 |    .007645    .020327     0.38   0.707    -.0322385    .0475285
         svy |   .0325055   .0516171     0.63   0.529    -.0687722    .1337833
     hsvisit |    .095826   .0434116     2.21   0.027     .0106481    .1810038
         age |  -.0970536   .0089574   -10.84   0.000    -.1146288   -.0794783
         sex |  -.0041665   .0202265    -0.21   0.837    -.0438528    .0355198
             |
      strata |
          1  |   .0063466   .0426497     0.15   0.882    -.0773362    .0900294
          2  |   .0812447   .0326669     2.49   0.013      .017149    .1453404
          3  |   .0760033     .03985     1.91   0.057    -.0021863    .1541928
          4  |   .3002944   .0662997     4.53   0.000     .1702079     .430381
          5  |   .1409192   .0452397     3.11   0.002     .0521544     .229684
             |
       month |
          2  |   .0826198   .0973864     0.85   0.396    -.1084619    .2737015
          3  |   .1302094   .0871659     1.49   0.136    -.0408186    .3012374
          4  |   .1414189    .088086     1.61   0.109    -.0314145    .3142523
          5  |   .1671089   .0918533     1.82   0.069    -.0131163     .347334
          6  |     .03426   .0979014     0.35   0.726    -.1578321    .2263521
          7  |   .1017753   .0977793     1.04   0.298    -.0900772    .2936278
          8  |   .0883045   .0969415     0.91   0.363    -.1019043    .2785132
          9  |   .1307536   .1179079     1.11   0.268    -.1005932    .3621004
         10  |   .2394506   .0918258     2.61   0.009     .0592795    .4196217
         11  |  -.2744124   .2943517    -0.93   0.351    -.8519591    .3031343
         12  |   -.150563   .2042947    -0.74   0.461    -.5514091     .250283
             |
       _cons |   2.106769   .1534067    13.73   0.000      1.80577    2.407768
------------------------------------------------------------------------------

. estimates store model_inschool

. 
. //secondly, using esttable to construct a table
. esttab model_grade model_inschool using "result_G", ///
> rtf replace se ///
> mtitles("scyfnsh" "inschl") ///
> stats(N r2 F, labels("Observations" "R-squared" "F-stat")) ///
> drop(_cons svy hsvisit age sex *.strata *.month)
(output written to result_G.rtf)

. 
end of do-file

. ivregress 2sls scyfnsh (usesch=vouch0) svy hsvisit age sex i.strata i.month, robust

Instrumental variables (2SLS) regression          Number of obs   =      1,135
                                                  Wald chi2(21)   =    1559.87
                                                  Prob > chi2     =     0.0000
                                                  R-squared       =     0.1112
                                                  Root MSE        =     .84994

------------------------------------------------------------------------------
             |               Robust
     scyfnsh |      Coef.   Std. Err.      z    P>|z|     [95% Conf. Interval]
-------------+----------------------------------------------------------------
      usesch |   .1908656   .0769695     2.48   0.013     .0400082    .3417231
         svy |   .8804276   .1679601     5.24   0.000      .551232    1.209623
     hsvisit |  -.0236368   .1247677    -0.19   0.850     -.268177    .2209034
         age |  -.1106878   .0220847    -5.01   0.000    -.1539731   -.0674025
         sex |  -.1692393    .051171    -3.31   0.001    -.2695327    -.068946
             |
      strata |
          1  |  -.0408705   .0998764    -0.41   0.682    -.2366246    .1548835
          2  |   .0829922   .0774323     1.07   0.284    -.0687724    .2347568
          3  |   .1709324   .0932279     1.83   0.067    -.0117909    .3536557
          4  |   .5099317   .0945725     5.39   0.000      .324573    .6952904
          5  |   .5740758    .137461     4.18   0.000     .3046571    .8434945
             |
       month |
          2  |   .1650053   .2620416     0.63   0.529    -.3485869    .6785974
          3  |    .149419   .2487475     0.60   0.548    -.3381172    .6369552
          4  |    .080906   .2554262     0.32   0.751      -.41972    .5815321
          5  |   .1383745   .2572856     0.54   0.591    -.3658959    .6426449
          6  |  -.1824893   .2812819    -0.65   0.516    -.7337917    .3688131
          7  |   -.894257    .269403    -3.32   0.001    -1.422277   -.3662368
          8  |  -.7318289   .2615879    -2.80   0.005    -1.244532    -.219126
          9  |  -.6836322   .2977698    -2.30   0.022     -1.26725    -.100014
         10  |   -1.12743   .2571416    -4.38   0.000    -1.631418   -.6234419
         11  |  -.9268435   .4940847    -1.88   0.061    -1.895232    .0415448
         12  |  -1.026501   .5248712    -1.96   0.050     -2.05523    .0022278
             |
       _cons |   8.993566   .3943073    22.81   0.000     8.220738    9.766394
------------------------------------------------------------------------------
Instrumented:  usesch
Instruments:   svy hsvisit age sex 1.strata 2.strata 3.strata 4.strata
               5.strata 2.month 3.month 4.month 5.month 6.month 7.month
               8.month 9.month 10.month 11.month 12.month vouch0

. do "/var/folders/f_/mkv__l410wg2mhmdf36mb_9c0000gn/T//SD62952.000000"

. // Question (j)
. // regress ols - highest grade on vouch0
. reg scyfnsh vouch0 svy hsvisit age sex i.strata i.month, robust

Linear regression                               Number of obs     =      1,135
                                                F(20, 1113)       =          .
                                                Prob > F          =          .
                                                R-squared         =     0.1077
                                                Root MSE          =     .85997

------------------------------------------------------------------------------
             |               Robust
     scyfnsh |      Coef.   Std. Err.      t    P>|t|     [95% Conf. Interval]
-------------+----------------------------------------------------------------
      vouch0 |   .1264498   .0515738     2.45   0.014     .0252569    .2276428
         svy |   .8760175   .1709904     5.12   0.000     .5405178    1.211517
     hsvisit |  -.0188271   .1255999    -0.15   0.881    -.2652664    .2276121
         age |  -.1127283    .022357    -5.04   0.000    -.1565948   -.0688617
         sex |  -.1724894   .0515166    -3.35   0.001    -.2735699   -.0714089
             |
      strata |
          1  |  -.0494305   .1007397    -0.49   0.624    -.2470917    .1482307
          2  |   .0868942   .0774995     1.12   0.262    -.0651675    .2389558
          3  |   .1731343   .0944671     1.83   0.067    -.0122194    .3584881
          4  |   .5160276   .0958968     5.38   0.000     .3278688    .7041865
          5  |   .5548946   .1111855     4.99   0.000     .3367379    .7730513
             |
       month |
          2  |   .1487478   .2656212     0.56   0.576    -.3724269    .6699225
          3  |   .1347069    .253324     0.53   0.595    -.3623395    .6317533
          4  |   .0732884   .2597453     0.28   0.778    -.4363572     .582934
          5  |   .1084487   .2613721     0.41   0.678    -.4043889    .6212863
          6  |  -.2013462    .286029    -0.70   0.482     -.762563    .3598705
          7  |  -.9134621   .2747376    -3.32   0.001    -1.452524   -.3744001
          8  |  -.7382134   .2659504    -2.78   0.006    -1.260034   -.2163927
          9  |   -.674359   .2975711    -2.27   0.024    -1.258223   -.0904954
         10  |  -1.186824   .2589089    -4.58   0.000    -1.694828    -.678819
         11  |  -1.019407   .5251772    -1.94   0.053    -2.049856    .0110423
         12  |  -1.126205   .5412099    -2.08   0.038    -2.188112   -.0642987
             |
       _cons |   9.087325   .3977206    22.85   0.000     8.306959    9.867692
------------------------------------------------------------------------------

. estimates store model_ols

. // regress 2sls - highest grade on vouch0
. ivregress 2sls scyfnsh (usesch=vouch0) svy hsvisit age sex i.strata i.month, robust

Instrumental variables (2SLS) regression          Number of obs   =      1,135
                                                  Wald chi2(21)   =    1559.87
                                                  Prob > chi2     =     0.0000
                                                  R-squared       =     0.1112
                                                  Root MSE        =     .84994

------------------------------------------------------------------------------
             |               Robust
     scyfnsh |      Coef.   Std. Err.      z    P>|z|     [95% Conf. Interval]
-------------+----------------------------------------------------------------
      usesch |   .1908656   .0769695     2.48   0.013     .0400082    .3417231
         svy |   .8804276   .1679601     5.24   0.000      .551232    1.209623
     hsvisit |  -.0236368   .1247677    -0.19   0.850     -.268177    .2209034
         age |  -.1106878   .0220847    -5.01   0.000    -.1539731   -.0674025
         sex |  -.1692393    .051171    -3.31   0.001    -.2695327    -.068946
             |
      strata |
          1  |  -.0408705   .0998764    -0.41   0.682    -.2366246    .1548835
          2  |   .0829922   .0774323     1.07   0.284    -.0687724    .2347568
          3  |   .1709324   .0932279     1.83   0.067    -.0117909    .3536557
          4  |   .5099317   .0945725     5.39   0.000      .324573    .6952904
          5  |   .5740758    .137461     4.18   0.000     .3046571    .8434945
             |
       month |
          2  |   .1650053   .2620416     0.63   0.529    -.3485869    .6785974
          3  |    .149419   .2487475     0.60   0.548    -.3381172    .6369552
          4  |    .080906   .2554262     0.32   0.751      -.41972    .5815321
          5  |   .1383745   .2572856     0.54   0.591    -.3658959    .6426449
          6  |  -.1824893   .2812819    -0.65   0.516    -.7337917    .3688131
          7  |   -.894257    .269403    -3.32   0.001    -1.422277   -.3662368
          8  |  -.7318289   .2615879    -2.80   0.005    -1.244532    -.219126
          9  |  -.6836322   .2977698    -2.30   0.022     -1.26725    -.100014
         10  |   -1.12743   .2571416    -4.38   0.000    -1.631418   -.6234419
         11  |  -.9268435   .4940847    -1.88   0.061    -1.895232    .0415448
         12  |  -1.026501   .5248712    -1.96   0.050     -2.05523    .0022278
             |
       _cons |   8.993566   .3943073    22.81   0.000     8.220738    9.766394
------------------------------------------------------------------------------
Instrumented:  usesch
Instruments:   svy hsvisit age sex 1.strata 2.strata 3.strata 4.strata
               5.strata 2.month 3.month 4.month 5.month 6.month 7.month
               8.month 9.month 10.month 11.month 12.month vouch0

. estimates store model_2sls

. //then, using esttable to construct a table
. esttab model_grade model_inschool using "result_J", ///
> rtf replace se ///
> mtitles("scyfnsh-ols" "scyfnsh-2sls") ///
> drop(_cons svy hsvisit age sex *.strata *.month)
(note: file result_J.rtf not found)
(output written to result_J.rtf)

. 
end of do-file

. do "/var/folders/f_/mkv__l410wg2mhmdf36mb_9c0000gn/T//SD62952.000000"

. // Question (j)
. // regress ols - highest grade on vouch0
. reg scyfnsh usesch svy hsvisit age sex i.strata i.month, robust

Linear regression                               Number of obs     =      1,135
                                                F(20, 1113)       =          .
                                                Prob > F          =          .
                                                R-squared         =     0.1113
                                                Root MSE          =     .85824

------------------------------------------------------------------------------
             |               Robust
     scyfnsh |      Coef.   Std. Err.      t    P>|t|     [95% Conf. Interval]
-------------+----------------------------------------------------------------
      usesch |   .1711705   .0544356     3.14   0.002     .0643624    .2779785
         svy |   .8817698   .1697254     5.20   0.000      .548752    1.214788
     hsvisit |  -.0214821   .1259284    -0.17   0.865    -.2685659    .2256017
         age |  -.1110006   .0223559    -4.97   0.000    -.1548649   -.0671362
         sex |  -.1695405   .0515252    -3.29   0.001    -.2706379   -.0684431
             |
      strata |
          1  |  -.0410357   .1007961    -0.41   0.684    -.2388074    .1567361
          2  |   .0837287    .078133     1.07   0.284    -.0695759    .2370333
          3  |   .1718667   .0943507     1.82   0.069    -.0132586    .3569921
          4  |    .514886   .0958239     5.37   0.000     .3268702    .7029019
          5  |   .5718838    .134792     4.24   0.000     .3074087     .836359
             |
       month |
          2  |    .163788   .2649439     0.62   0.537    -.3560579    .6836338
          3  |   .1500289   .2515096     0.60   0.551    -.3434575    .6435154
          4  |   .0822777   .2581244     0.32   0.750    -.4241875    .5887429
          5  |   .1338355   .2602935     0.51   0.607    -.3768858    .6445568
          6  |  -.1844228   .2844917    -0.65   0.517    -.7426233    .3737777
          7  |  -.8970309   .2730414    -3.29   0.001    -1.432765    -.361297
          8  |   -.732284   .2645513    -2.77   0.006    -1.251359   -.2132086
          9  |  -.6830416   .3006637    -2.27   0.023    -1.272973   -.0931101
         10  |  -1.140237   .2603074    -4.38   0.000    -1.650986   -.6294887
         11  |  -.9353358   .5006568    -1.87   0.062    -1.917673    .0470017
         12  |  -1.038993   .5316458    -1.95   0.051    -2.082134    .0041475
             |
       _cons |   9.009288   .3989394    22.58   0.000      8.22653    9.792046
------------------------------------------------------------------------------

. estimates store model_ols

. // regress 2sls - highest grade on vouch0
. ivregress 2sls scyfnsh (usesch=vouch0) svy hsvisit age sex i.strata i.month, robust

Instrumental variables (2SLS) regression          Number of obs   =      1,135
                                                  Wald chi2(21)   =    1559.87
                                                  Prob > chi2     =     0.0000
                                                  R-squared       =     0.1112
                                                  Root MSE        =     .84994

------------------------------------------------------------------------------
             |               Robust
     scyfnsh |      Coef.   Std. Err.      z    P>|z|     [95% Conf. Interval]
-------------+----------------------------------------------------------------
      usesch |   .1908656   .0769695     2.48   0.013     .0400082    .3417231
         svy |   .8804276   .1679601     5.24   0.000      .551232    1.209623
     hsvisit |  -.0236368   .1247677    -0.19   0.850     -.268177    .2209034
         age |  -.1106878   .0220847    -5.01   0.000    -.1539731   -.0674025
         sex |  -.1692393    .051171    -3.31   0.001    -.2695327    -.068946
             |
      strata |
          1  |  -.0408705   .0998764    -0.41   0.682    -.2366246    .1548835
          2  |   .0829922   .0774323     1.07   0.284    -.0687724    .2347568
          3  |   .1709324   .0932279     1.83   0.067    -.0117909    .3536557
          4  |   .5099317   .0945725     5.39   0.000      .324573    .6952904
          5  |   .5740758    .137461     4.18   0.000     .3046571    .8434945
             |
       month |
          2  |   .1650053   .2620416     0.63   0.529    -.3485869    .6785974
          3  |    .149419   .2487475     0.60   0.548    -.3381172    .6369552
          4  |    .080906   .2554262     0.32   0.751      -.41972    .5815321
          5  |   .1383745   .2572856     0.54   0.591    -.3658959    .6426449
          6  |  -.1824893   .2812819    -0.65   0.516    -.7337917    .3688131
          7  |   -.894257    .269403    -3.32   0.001    -1.422277   -.3662368
          8  |  -.7318289   .2615879    -2.80   0.005    -1.244532    -.219126
          9  |  -.6836322   .2977698    -2.30   0.022     -1.26725    -.100014
         10  |   -1.12743   .2571416    -4.38   0.000    -1.631418   -.6234419
         11  |  -.9268435   .4940847    -1.88   0.061    -1.895232    .0415448
         12  |  -1.026501   .5248712    -1.96   0.050     -2.05523    .0022278
             |
       _cons |   8.993566   .3943073    22.81   0.000     8.220738    9.766394
------------------------------------------------------------------------------
Instrumented:  usesch
Instruments:   svy hsvisit age sex 1.strata 2.strata 3.strata 4.strata
               5.strata 2.month 3.month 4.month 5.month 6.month 7.month
               8.month 9.month 10.month 11.month 12.month vouch0

. estimates store model_2sls

. //then, using esttable to construct a table
. esttab model_grade model_inschool using "result_J", ///
> rtf replace se ///
> mtitles("scyfnsh-ols" "scyfnsh-2sls") ///
> drop(_cons svy hsvisit age sex *.strata *.month)
(output written to result_J.rtf)

. 
end of do-file

. do "/var/folders/f_/mkv__l410wg2mhmdf36mb_9c0000gn/T//SD62952.000000"

. // Question (j)
. // regress ols - highest grade on vouch0
. reg scyfnsh usesch svy hsvisit age sex i.strata i.month, robust

Linear regression                               Number of obs     =      1,135
                                                F(20, 1113)       =          .
                                                Prob > F          =          .
                                                R-squared         =     0.1113
                                                Root MSE          =     .85824

------------------------------------------------------------------------------
             |               Robust
     scyfnsh |      Coef.   Std. Err.      t    P>|t|     [95% Conf. Interval]
-------------+----------------------------------------------------------------
      usesch |   .1711705   .0544356     3.14   0.002     .0643624    .2779785
         svy |   .8817698   .1697254     5.20   0.000      .548752    1.214788
     hsvisit |  -.0214821   .1259284    -0.17   0.865    -.2685659    .2256017
         age |  -.1110006   .0223559    -4.97   0.000    -.1548649   -.0671362
         sex |  -.1695405   .0515252    -3.29   0.001    -.2706379   -.0684431
             |
      strata |
          1  |  -.0410357   .1007961    -0.41   0.684    -.2388074    .1567361
          2  |   .0837287    .078133     1.07   0.284    -.0695759    .2370333
          3  |   .1718667   .0943507     1.82   0.069    -.0132586    .3569921
          4  |    .514886   .0958239     5.37   0.000     .3268702    .7029019
          5  |   .5718838    .134792     4.24   0.000     .3074087     .836359
             |
       month |
          2  |    .163788   .2649439     0.62   0.537    -.3560579    .6836338
          3  |   .1500289   .2515096     0.60   0.551    -.3434575    .6435154
          4  |   .0822777   .2581244     0.32   0.750    -.4241875    .5887429
          5  |   .1338355   .2602935     0.51   0.607    -.3768858    .6445568
          6  |  -.1844228   .2844917    -0.65   0.517    -.7426233    .3737777
          7  |  -.8970309   .2730414    -3.29   0.001    -1.432765    -.361297
          8  |   -.732284   .2645513    -2.77   0.006    -1.251359   -.2132086
          9  |  -.6830416   .3006637    -2.27   0.023    -1.272973   -.0931101
         10  |  -1.140237   .2603074    -4.38   0.000    -1.650986   -.6294887
         11  |  -.9353358   .5006568    -1.87   0.062    -1.917673    .0470017
         12  |  -1.038993   .5316458    -1.95   0.051    -2.082134    .0041475
             |
       _cons |   9.009288   .3989394    22.58   0.000      8.22653    9.792046
------------------------------------------------------------------------------

. estimates store model_ols

. // regress 2sls - highest grade on vouch0
. ivregress 2sls scyfnsh (usesch=vouch0) svy hsvisit age sex i.strata i.month, robust

Instrumental variables (2SLS) regression          Number of obs   =      1,135
                                                  Wald chi2(21)   =    1559.87
                                                  Prob > chi2     =     0.0000
                                                  R-squared       =     0.1112
                                                  Root MSE        =     .84994

------------------------------------------------------------------------------
             |               Robust
     scyfnsh |      Coef.   Std. Err.      z    P>|z|     [95% Conf. Interval]
-------------+----------------------------------------------------------------
      usesch |   .1908656   .0769695     2.48   0.013     .0400082    .3417231
         svy |   .8804276   .1679601     5.24   0.000      .551232    1.209623
     hsvisit |  -.0236368   .1247677    -0.19   0.850     -.268177    .2209034
         age |  -.1106878   .0220847    -5.01   0.000    -.1539731   -.0674025
         sex |  -.1692393    .051171    -3.31   0.001    -.2695327    -.068946
             |
      strata |
          1  |  -.0408705   .0998764    -0.41   0.682    -.2366246    .1548835
          2  |   .0829922   .0774323     1.07   0.284    -.0687724    .2347568
          3  |   .1709324   .0932279     1.83   0.067    -.0117909    .3536557
          4  |   .5099317   .0945725     5.39   0.000      .324573    .6952904
          5  |   .5740758    .137461     4.18   0.000     .3046571    .8434945
             |
       month |
          2  |   .1650053   .2620416     0.63   0.529    -.3485869    .6785974
          3  |    .149419   .2487475     0.60   0.548    -.3381172    .6369552
          4  |    .080906   .2554262     0.32   0.751      -.41972    .5815321
          5  |   .1383745   .2572856     0.54   0.591    -.3658959    .6426449
          6  |  -.1824893   .2812819    -0.65   0.516    -.7337917    .3688131
          7  |   -.894257    .269403    -3.32   0.001    -1.422277   -.3662368
          8  |  -.7318289   .2615879    -2.80   0.005    -1.244532    -.219126
          9  |  -.6836322   .2977698    -2.30   0.022     -1.26725    -.100014
         10  |   -1.12743   .2571416    -4.38   0.000    -1.631418   -.6234419
         11  |  -.9268435   .4940847    -1.88   0.061    -1.895232    .0415448
         12  |  -1.026501   .5248712    -1.96   0.050     -2.05523    .0022278
             |
       _cons |   8.993566   .3943073    22.81   0.000     8.220738    9.766394
------------------------------------------------------------------------------
Instrumented:  usesch
Instruments:   svy hsvisit age sex 1.strata 2.strata 3.strata 4.strata
               5.strata 2.month 3.month 4.month 5.month 6.month 7.month
               8.month 9.month 10.month 11.month 12.month vouch0

. estimates store model_2sls

. //then, using esttable to construct a table
. esttab model_grade model_inschool using "result_J", ///
> rtf replace se ///
> mtitles("scyfnsh-ols" "scyfnsh-2sls") ///
> drop(_cons svy hsvisit age sex *.strata *.month)
(output written to result_J.rtf)

. 
end of do-file

. do "/var/folders/f_/mkv__l410wg2mhmdf36mb_9c0000gn/T//SD62952.000000"

. // Question (j)
. // regress ols - highest grade on vouch0
. reg scyfnsh usesch svy hsvisit age sex i.strata i.month, robust

Linear regression                               Number of obs     =      1,135
                                                F(20, 1113)       =          .
                                                Prob > F          =          .
                                                R-squared         =     0.1113
                                                Root MSE          =     .85824

------------------------------------------------------------------------------
             |               Robust
     scyfnsh |      Coef.   Std. Err.      t    P>|t|     [95% Conf. Interval]
-------------+----------------------------------------------------------------
      usesch |   .1711705   .0544356     3.14   0.002     .0643624    .2779785
         svy |   .8817698   .1697254     5.20   0.000      .548752    1.214788
     hsvisit |  -.0214821   .1259284    -0.17   0.865    -.2685659    .2256017
         age |  -.1110006   .0223559    -4.97   0.000    -.1548649   -.0671362
         sex |  -.1695405   .0515252    -3.29   0.001    -.2706379   -.0684431
             |
      strata |
          1  |  -.0410357   .1007961    -0.41   0.684    -.2388074    .1567361
          2  |   .0837287    .078133     1.07   0.284    -.0695759    .2370333
          3  |   .1718667   .0943507     1.82   0.069    -.0132586    .3569921
          4  |    .514886   .0958239     5.37   0.000     .3268702    .7029019
          5  |   .5718838    .134792     4.24   0.000     .3074087     .836359
             |
       month |
          2  |    .163788   .2649439     0.62   0.537    -.3560579    .6836338
          3  |   .1500289   .2515096     0.60   0.551    -.3434575    .6435154
          4  |   .0822777   .2581244     0.32   0.750    -.4241875    .5887429
          5  |   .1338355   .2602935     0.51   0.607    -.3768858    .6445568
          6  |  -.1844228   .2844917    -0.65   0.517    -.7426233    .3737777
          7  |  -.8970309   .2730414    -3.29   0.001    -1.432765    -.361297
          8  |   -.732284   .2645513    -2.77   0.006    -1.251359   -.2132086
          9  |  -.6830416   .3006637    -2.27   0.023    -1.272973   -.0931101
         10  |  -1.140237   .2603074    -4.38   0.000    -1.650986   -.6294887
         11  |  -.9353358   .5006568    -1.87   0.062    -1.917673    .0470017
         12  |  -1.038993   .5316458    -1.95   0.051    -2.082134    .0041475
             |
       _cons |   9.009288   .3989394    22.58   0.000      8.22653    9.792046
------------------------------------------------------------------------------

. estimates store model_ols

. // regress 2sls - highest grade on vouch0
. ivregress 2sls scyfnsh (usesch=vouch0) svy hsvisit age sex i.strata i.month, robust

Instrumental variables (2SLS) regression          Number of obs   =      1,135
                                                  Wald chi2(21)   =    1559.87
                                                  Prob > chi2     =     0.0000
                                                  R-squared       =     0.1112
                                                  Root MSE        =     .84994

------------------------------------------------------------------------------
             |               Robust
     scyfnsh |      Coef.   Std. Err.      z    P>|z|     [95% Conf. Interval]
-------------+----------------------------------------------------------------
      usesch |   .1908656   .0769695     2.48   0.013     .0400082    .3417231
         svy |   .8804276   .1679601     5.24   0.000      .551232    1.209623
     hsvisit |  -.0236368   .1247677    -0.19   0.850     -.268177    .2209034
         age |  -.1106878   .0220847    -5.01   0.000    -.1539731   -.0674025
         sex |  -.1692393    .051171    -3.31   0.001    -.2695327    -.068946
             |
      strata |
          1  |  -.0408705   .0998764    -0.41   0.682    -.2366246    .1548835
          2  |   .0829922   .0774323     1.07   0.284    -.0687724    .2347568
          3  |   .1709324   .0932279     1.83   0.067    -.0117909    .3536557
          4  |   .5099317   .0945725     5.39   0.000      .324573    .6952904
          5  |   .5740758    .137461     4.18   0.000     .3046571    .8434945
             |
       month |
          2  |   .1650053   .2620416     0.63   0.529    -.3485869    .6785974
          3  |    .149419   .2487475     0.60   0.548    -.3381172    .6369552
          4  |    .080906   .2554262     0.32   0.751      -.41972    .5815321
          5  |   .1383745   .2572856     0.54   0.591    -.3658959    .6426449
          6  |  -.1824893   .2812819    -0.65   0.516    -.7337917    .3688131
          7  |   -.894257    .269403    -3.32   0.001    -1.422277   -.3662368
          8  |  -.7318289   .2615879    -2.80   0.005    -1.244532    -.219126
          9  |  -.6836322   .2977698    -2.30   0.022     -1.26725    -.100014
         10  |   -1.12743   .2571416    -4.38   0.000    -1.631418   -.6234419
         11  |  -.9268435   .4940847    -1.88   0.061    -1.895232    .0415448
         12  |  -1.026501   .5248712    -1.96   0.050     -2.05523    .0022278
             |
       _cons |   8.993566   .3943073    22.81   0.000     8.220738    9.766394
------------------------------------------------------------------------------
Instrumented:  usesch
Instruments:   svy hsvisit age sex 1.strata 2.strata 3.strata 4.strata
               5.strata 2.month 3.month 4.month 5.month 6.month 7.month
               8.month 9.month 10.month 11.month 12.month vouch0

. estimates store model_2sls

. //then, using esttable to construct a table
. esttab model_grade model_inschool using "result_J", ///
> rtf replace se ///
> mtitles("scyfnsh-ols" "scyfnsh-2sls") ///
> drop(_cons svy hsvisit age sex *.strata *.month)
(output written to result_J.rtf)

. 
end of do-file

. run "/var/folders/f_/mkv__l410wg2mhmdf36mb_9c0000gn/T//SD62952.000000"
. do "/var/folders/f_/mkv__l410wg2mhmdf36mb_9c0000gn/T//SD62952.000000"

. // Question (j)
. // regress ols - highest grade on vouch0
. reg scyfnsh usesch svy hsvisit age sex i.strata i.month, robust

Linear regression                               Number of obs     =      1,135
                                                F(20, 1113)       =          .
                                                Prob > F          =          .
                                                R-squared         =     0.1113
                                                Root MSE          =     .85824

------------------------------------------------------------------------------
             |               Robust
     scyfnsh |      Coef.   Std. Err.      t    P>|t|     [95% Conf. Interval]
-------------+----------------------------------------------------------------
      usesch |   .1711705   .0544356     3.14   0.002     .0643624    .2779785
         svy |   .8817698   .1697254     5.20   0.000      .548752    1.214788
     hsvisit |  -.0214821   .1259284    -0.17   0.865    -.2685659    .2256017
         age |  -.1110006   .0223559    -4.97   0.000    -.1548649   -.0671362
         sex |  -.1695405   .0515252    -3.29   0.001    -.2706379   -.0684431
             |
      strata |
          1  |  -.0410357   .1007961    -0.41   0.684    -.2388074    .1567361
          2  |   .0837287    .078133     1.07   0.284    -.0695759    .2370333
          3  |   .1718667   .0943507     1.82   0.069    -.0132586    .3569921
          4  |    .514886   .0958239     5.37   0.000     .3268702    .7029019
          5  |   .5718838    .134792     4.24   0.000     .3074087     .836359
             |
       month |
          2  |    .163788   .2649439     0.62   0.537    -.3560579    .6836338
          3  |   .1500289   .2515096     0.60   0.551    -.3434575    .6435154
          4  |   .0822777   .2581244     0.32   0.750    -.4241875    .5887429
          5  |   .1338355   .2602935     0.51   0.607    -.3768858    .6445568
          6  |  -.1844228   .2844917    -0.65   0.517    -.7426233    .3737777
          7  |  -.8970309   .2730414    -3.29   0.001    -1.432765    -.361297
          8  |   -.732284   .2645513    -2.77   0.006    -1.251359   -.2132086
          9  |  -.6830416   .3006637    -2.27   0.023    -1.272973   -.0931101
         10  |  -1.140237   .2603074    -4.38   0.000    -1.650986   -.6294887
         11  |  -.9353358   .5006568    -1.87   0.062    -1.917673    .0470017
         12  |  -1.038993   .5316458    -1.95   0.051    -2.082134    .0041475
             |
       _cons |   9.009288   .3989394    22.58   0.000      8.22653    9.792046
------------------------------------------------------------------------------

. estimates store model_ols

. // regress 2sls - highest grade on vouch0
. ivregress 2sls scyfnsh (usesch=vouch0) svy hsvisit age sex i.strata i.month, robust

Instrumental variables (2SLS) regression          Number of obs   =      1,135
                                                  Wald chi2(21)   =    1559.87
                                                  Prob > chi2     =     0.0000
                                                  R-squared       =     0.1112
                                                  Root MSE        =     .84994

------------------------------------------------------------------------------
             |               Robust
     scyfnsh |      Coef.   Std. Err.      z    P>|z|     [95% Conf. Interval]
-------------+----------------------------------------------------------------
      usesch |   .1908656   .0769695     2.48   0.013     .0400082    .3417231
         svy |   .8804276   .1679601     5.24   0.000      .551232    1.209623
     hsvisit |  -.0236368   .1247677    -0.19   0.850     -.268177    .2209034
         age |  -.1106878   .0220847    -5.01   0.000    -.1539731   -.0674025
         sex |  -.1692393    .051171    -3.31   0.001    -.2695327    -.068946
             |
      strata |
          1  |  -.0408705   .0998764    -0.41   0.682    -.2366246    .1548835
          2  |   .0829922   .0774323     1.07   0.284    -.0687724    .2347568
          3  |   .1709324   .0932279     1.83   0.067    -.0117909    .3536557
          4  |   .5099317   .0945725     5.39   0.000      .324573    .6952904
          5  |   .5740758    .137461     4.18   0.000     .3046571    .8434945
             |
       month |
          2  |   .1650053   .2620416     0.63   0.529    -.3485869    .6785974
          3  |    .149419   .2487475     0.60   0.548    -.3381172    .6369552
          4  |    .080906   .2554262     0.32   0.751      -.41972    .5815321
          5  |   .1383745   .2572856     0.54   0.591    -.3658959    .6426449
          6  |  -.1824893   .2812819    -0.65   0.516    -.7337917    .3688131
          7  |   -.894257    .269403    -3.32   0.001    -1.422277   -.3662368
          8  |  -.7318289   .2615879    -2.80   0.005    -1.244532    -.219126
          9  |  -.6836322   .2977698    -2.30   0.022     -1.26725    -.100014
         10  |   -1.12743   .2571416    -4.38   0.000    -1.631418   -.6234419
         11  |  -.9268435   .4940847    -1.88   0.061    -1.895232    .0415448
         12  |  -1.026501   .5248712    -1.96   0.050     -2.05523    .0022278
             |
       _cons |   8.993566   .3943073    22.81   0.000     8.220738    9.766394
------------------------------------------------------------------------------
Instrumented:  usesch
Instruments:   svy hsvisit age sex 1.strata 2.strata 3.strata 4.strata
               5.strata 2.month 3.month 4.month 5.month 6.month 7.month
               8.month 9.month 10.month 11.month 12.month vouch0

. estimates store model_2sls

. //then, using esttable to construct a table
. esttab model_grade model_inschool using "result_J", ///
> rtf replace se ///
> mtitles("scyfnsh-ols" "scyfnsh-2sls") ///
> drop(_cons svy hsvisit age sex *.strata *.month)
(output written to result_J.rtf)

. 
end of do-file

. do "/var/folders/f_/mkv__l410wg2mhmdf36mb_9c0000gn/T//SD62952.000000"

. // Question (j)
. // regress ols - highest grade on vouch0
. reg scyfnsh usesch svy hsvisit age sex i.strata i.month, robust

Linear regression                               Number of obs     =      1,135
                                                F(20, 1113)       =          .
                                                Prob > F          =          .
                                                R-squared         =     0.1113
                                                Root MSE          =     .85824

------------------------------------------------------------------------------
             |               Robust
     scyfnsh |      Coef.   Std. Err.      t    P>|t|     [95% Conf. Interval]
-------------+----------------------------------------------------------------
      usesch |   .1711705   .0544356     3.14   0.002     .0643624    .2779785
         svy |   .8817698   .1697254     5.20   0.000      .548752    1.214788
     hsvisit |  -.0214821   .1259284    -0.17   0.865    -.2685659    .2256017
         age |  -.1110006   .0223559    -4.97   0.000    -.1548649   -.0671362
         sex |  -.1695405   .0515252    -3.29   0.001    -.2706379   -.0684431
             |
      strata |
          1  |  -.0410357   .1007961    -0.41   0.684    -.2388074    .1567361
          2  |   .0837287    .078133     1.07   0.284    -.0695759    .2370333
          3  |   .1718667   .0943507     1.82   0.069    -.0132586    .3569921
          4  |    .514886   .0958239     5.37   0.000     .3268702    .7029019
          5  |   .5718838    .134792     4.24   0.000     .3074087     .836359
             |
       month |
          2  |    .163788   .2649439     0.62   0.537    -.3560579    .6836338
          3  |   .1500289   .2515096     0.60   0.551    -.3434575    .6435154
          4  |   .0822777   .2581244     0.32   0.750    -.4241875    .5887429
          5  |   .1338355   .2602935     0.51   0.607    -.3768858    .6445568
          6  |  -.1844228   .2844917    -0.65   0.517    -.7426233    .3737777
          7  |  -.8970309   .2730414    -3.29   0.001    -1.432765    -.361297
          8  |   -.732284   .2645513    -2.77   0.006    -1.251359   -.2132086
          9  |  -.6830416   .3006637    -2.27   0.023    -1.272973   -.0931101
         10  |  -1.140237   .2603074    -4.38   0.000    -1.650986   -.6294887
         11  |  -.9353358   .5006568    -1.87   0.062    -1.917673    .0470017
         12  |  -1.038993   .5316458    -1.95   0.051    -2.082134    .0041475
             |
       _cons |   9.009288   .3989394    22.58   0.000      8.22653    9.792046
------------------------------------------------------------------------------

. estimates store model_ols

. // regress 2sls - highest grade on vouch0
. ivregress 2sls scyfnsh (usesch=vouch0) svy hsvisit age sex i.strata i.month, robust

Instrumental variables (2SLS) regression          Number of obs   =      1,135
                                                  Wald chi2(21)   =    1559.87
                                                  Prob > chi2     =     0.0000
                                                  R-squared       =     0.1112
                                                  Root MSE        =     .84994

------------------------------------------------------------------------------
             |               Robust
     scyfnsh |      Coef.   Std. Err.      z    P>|z|     [95% Conf. Interval]
-------------+----------------------------------------------------------------
      usesch |   .1908656   .0769695     2.48   0.013     .0400082    .3417231
         svy |   .8804276   .1679601     5.24   0.000      .551232    1.209623
     hsvisit |  -.0236368   .1247677    -0.19   0.850     -.268177    .2209034
         age |  -.1106878   .0220847    -5.01   0.000    -.1539731   -.0674025
         sex |  -.1692393    .051171    -3.31   0.001    -.2695327    -.068946
             |
      strata |
          1  |  -.0408705   .0998764    -0.41   0.682    -.2366246    .1548835
          2  |   .0829922   .0774323     1.07   0.284    -.0687724    .2347568
          3  |   .1709324   .0932279     1.83   0.067    -.0117909    .3536557
          4  |   .5099317   .0945725     5.39   0.000      .324573    .6952904
          5  |   .5740758    .137461     4.18   0.000     .3046571    .8434945
             |
       month |
          2  |   .1650053   .2620416     0.63   0.529    -.3485869    .6785974
          3  |    .149419   .2487475     0.60   0.548    -.3381172    .6369552
          4  |    .080906   .2554262     0.32   0.751      -.41972    .5815321
          5  |   .1383745   .2572856     0.54   0.591    -.3658959    .6426449
          6  |  -.1824893   .2812819    -0.65   0.516    -.7337917    .3688131
          7  |   -.894257    .269403    -3.32   0.001    -1.422277   -.3662368
          8  |  -.7318289   .2615879    -2.80   0.005    -1.244532    -.219126
          9  |  -.6836322   .2977698    -2.30   0.022     -1.26725    -.100014
         10  |   -1.12743   .2571416    -4.38   0.000    -1.631418   -.6234419
         11  |  -.9268435   .4940847    -1.88   0.061    -1.895232    .0415448
         12  |  -1.026501   .5248712    -1.96   0.050     -2.05523    .0022278
             |
       _cons |   8.993566   .3943073    22.81   0.000     8.220738    9.766394
------------------------------------------------------------------------------
Instrumented:  usesch
Instruments:   svy hsvisit age sex 1.strata 2.strata 3.strata 4.strata
               5.strata 2.month 3.month 4.month 5.month 6.month 7.month
               8.month 9.month 10.month 11.month 12.month vouch0

. estimates store model_2sls

. //then, using esttable to construct a table
. esttab model_ols model_2sls using "result_J", ///
> rtf replace se ///
> mtitles("scyfnsh-ols" "scyfnsh-2sls") ///
> drop(_cons svy hsvisit age sex *.strata *.month)
(output written to result_J.rtf)

. 
end of do-file

. do "/var/folders/f_/mkv__l410wg2mhmdf36mb_9c0000gn/T//SD62952.000000"

. // Question (l)
. // regress 2sls - in school at time of survey
. ivregress 2sls inschl (usesch=vouch0) svy hsvisit age sex i.strata i.month, robust

Instrumental variables (2SLS) regression          Number of obs   =      1,135
                                                  Wald chi2(21)   =     282.45
                                                  Prob > chi2     =     0.0000
                                                  R-squared       =     0.1651
                                                  Root MSE        =     .33527

------------------------------------------------------------------------------
             |               Robust
      inschl |      Coef.   Std. Err.      z    P>|z|     [95% Conf. Interval]
-------------+----------------------------------------------------------------
      usesch |   .0115395   .0303729     0.38   0.704    -.0479902    .0710692
         svy |   .0327721    .051062     0.64   0.521    -.0673075    .1328518
     hsvisit |   .0955352   .0430342     2.22   0.026     .0111897    .1798807
         age |  -.0969302   .0088624   -10.94   0.000    -.1143002   -.0795602
         sex |    -.00397   .0200593    -0.20   0.843    -.0432856    .0353456
             |
      strata |
          1  |   .0068641   .0421925     0.16   0.871    -.0758318      .08956
          2  |   .0810088   .0324897     2.49   0.013     .0173301    .1446875
          3  |   .0758702   .0394802     1.92   0.055    -.0015096    .1532499
          4  |   .2999259    .065574     4.57   0.000     .1714031    .4284486
          5  |   .1420789   .0480405     2.96   0.003     .0479213    .2362364
             |
       month |
          2  |   .0836027   .0963836     0.87   0.386    -.1053057    .2725112
          3  |   .1310989   .0863149     1.52   0.129    -.0380751    .3002729
          4  |   .1418795    .087197     1.63   0.104    -.0290234    .3127824
          5  |   .1689181   .0912559     1.85   0.064    -.0099401    .3477764
          6  |      .0354   .0970044     0.36   0.715    -.1547251    .2255252
          7  |   .1029364   .0968415     1.06   0.288    -.0868694    .2927423
          8  |   .0886905   .0960655     0.92   0.356    -.0995944    .2769754
          9  |    .130193   .1173685     1.11   0.267    -.0998451     .360231
         10  |   .2430414   .0926249     2.62   0.009        .0615    .4245829
         11  |  -.2688162   .2902545    -0.93   0.354    -.8377045    .3000721
         12  |   -.144535   .2022672    -0.71   0.475    -.5409714    .2519014
             |
       _cons |     2.1011   .1530845    13.73   0.000      1.80106     2.40114
------------------------------------------------------------------------------
Instrumented:  usesch
Instruments:   svy hsvisit age sex 1.strata 2.strata 3.strata 4.strata
               5.strata 2.month 3.month 4.month 5.month 6.month 7.month
               8.month 9.month 10.month 11.month 12.month vouch0

. estimates store model_2sls_inschl

. //then, using esttable to construct a table
. esttab model_2sls_inschl using "result_L", ///
> rtf replace se ///
> mtitles("inschl-2sls") ///
> drop(_cons svy hsvisit age sex *.strata *.month)
(note: file result_L.rtf not found)
(output written to result_L.rtf)

. 
end of do-file

. exit
